Using pre-set license
Built from '2022.3/staging' branch; Version is '2022.3.51f1 (9f9d16c45e54) revision 10460438'; Using compiler version '192829333'; Build Type 'Release'
OS: 'Windows 11  (10.0.22631) 64bit Education' Language: 'en' Physical Memory: 7861 MB
BatchMode: 1, IsHumanControllingUs: 0, StartBugReporterOnCrash: 0, Is64bit: 1, IsPro: 1

COMMAND LINE ARGUMENTS:
C:\Program Files\Unity\Hub\Editor\2022.3.51f1\Editor\Unity.exe
-adb2
-batchMode
-noUpm
-name
AssetImportWorker1
-projectPath
C:/Users/sam.hamer/Downloads/MH2Files/motionhanging2/mh2 new movement
-logFile
Logs/AssetImportWorker1.log
-srvPort
59377
Successfully changed project path to: C:/Users/sam.hamer/Downloads/MH2Files/motionhanging2/mh2 new movement
C:/Users/sam.hamer/Downloads/MH2Files/motionhanging2/mh2 new movement
[UnityMemory] Configuration Parameters - Can be set up in boot.config
    "memorysetup-bucket-allocator-granularity=16"
    "memorysetup-bucket-allocator-bucket-count=8"
    "memorysetup-bucket-allocator-block-size=33554432"
    "memorysetup-bucket-allocator-block-count=8"
    "memorysetup-main-allocator-block-size=16777216"
    "memorysetup-thread-allocator-block-size=16777216"
    "memorysetup-gfx-main-allocator-block-size=16777216"
    "memorysetup-gfx-thread-allocator-block-size=16777216"
    "memorysetup-cache-allocator-block-size=4194304"
    "memorysetup-typetree-allocator-block-size=2097152"
    "memorysetup-profiler-bucket-allocator-granularity=16"
    "memorysetup-profiler-bucket-allocator-bucket-count=8"
    "memorysetup-profiler-bucket-allocator-block-size=33554432"
    "memorysetup-profiler-bucket-allocator-block-count=8"
    "memorysetup-profiler-allocator-block-size=16777216"
    "memorysetup-profiler-editor-allocator-block-size=1048576"
    "memorysetup-temp-allocator-size-main=16777216"
    "memorysetup-job-temp-allocator-block-size=2097152"
    "memorysetup-job-temp-allocator-block-size-background=1048576"
    "memorysetup-job-temp-allocator-reduction-small-platforms=262144"
    "memorysetup-allocator-temp-initial-block-size-main=262144"
    "memorysetup-allocator-temp-initial-block-size-worker=262144"
    "memorysetup-temp-allocator-size-background-worker=32768"
    "memorysetup-temp-allocator-size-job-worker=262144"
    "memorysetup-temp-allocator-size-preload-manager=33554432"
    "memorysetup-temp-allocator-size-nav-mesh-worker=65536"
    "memorysetup-temp-allocator-size-audio-worker=65536"
    "memorysetup-temp-allocator-size-cloud-worker=32768"
    "memorysetup-temp-allocator-size-gi-baking-worker=262144"
    "memorysetup-temp-allocator-size-gfx=262144"
Player connection [8240]  Target information:

Player connection [8240]  * "[IP] 10.222.192.246 [Port] 0 [Flags] 2 [Guid] 2439013692 [EditorId] 2439013692 [Version] 1048832 [Id] WindowsEditor(7,Z4CE244CT3B) [Debug] 1 [PackageName] WindowsEditor [ProjectName] Editor" 

Player connection [8240] Host joined multi-casting on [225.0.0.222:54997]...
Player connection [8240] Host joined alternative multi-casting on [225.0.0.222:34997]...
[PhysX] Initialized MultithreadedTaskDispatcher with 12 workers.
Refreshing native plugins compatible for Editor in 122.45 ms, found 3 plugins.
Preloading 0 native plugins for Editor in 0.00 ms.
Initialize engine version: 2022.3.51f1 (9f9d16c45e54)
[Subsystems] Discovering subsystems at path C:/Program Files/Unity/Hub/Editor/2022.3.51f1/Editor/Data/Resources/UnitySubsystems
[Subsystems] Discovering subsystems at path C:/Users/sam.hamer/Downloads/MH2Files/motionhanging2/mh2 new movement/Assets
GfxDevice: creating device client; threaded=0; jobified=0
Direct3D:
    Version:  Direct3D 11.0 [level 11.1]
    Renderer: NVIDIA T400 4GB (ID=0x1ff2)
    Vendor:   NVIDIA
    VRAM:     3956 MB
    Driver:   31.0.15.3141
Initialize mono
Mono path[0] = 'C:/Program Files/Unity/Hub/Editor/2022.3.51f1/Editor/Data/Managed'
Mono path[1] = 'C:/Program Files/Unity/Hub/Editor/2022.3.51f1/Editor/Data/MonoBleedingEdge/lib/mono/unityjit-win32'
Mono config path = 'C:/Program Files/Unity/Hub/Editor/2022.3.51f1/Editor/Data/MonoBleedingEdge/etc'
Using monoOptions --debugger-agent=transport=dt_socket,embedding=1,server=y,suspend=n,address=127.0.0.1:56560
Begin MonoManager ReloadAssembly
Registering precompiled unity dll's ...
Register platform support module: C:/Program Files/Unity/Hub/Editor/2022.3.51f1/Editor/Data/PlaybackEngines/WindowsStandaloneSupport/UnityEditor.WindowsStandalone.Extensions.dll
Registered in 0.004886 seconds.
- Loaded All Assemblies, in  0.300 seconds
Native extension for WindowsStandalone target not found
Mono: successfully reloaded assembly
- Finished resetting the current domain, in  0.232 seconds
Domain Reload Profiling: 532ms
	BeginReloadAssembly (110ms)
		ExecutionOrderSort (0ms)
		DisableScriptedObjects (0ms)
		BackupInstance (0ms)
		ReleaseScriptingObjects (0ms)
		CreateAndSetChildDomain (1ms)
	RebuildCommonClasses (29ms)
	RebuildNativeTypeToScriptingClass (7ms)
	initialDomainReloadingComplete (42ms)
	LoadAllAssembliesAndSetupDomain (111ms)
		LoadAssemblies (109ms)
		RebuildTransferFunctionScriptingTraits (0ms)
		AnalyzeDomain (109ms)
			TypeCache.Refresh (107ms)
				TypeCache.ScanAssembly (95ms)
			ScanForSourceGeneratedMonoScriptInfo (0ms)
			ResolveRequiredComponents (1ms)
	FinalizeReload (233ms)
		ReleaseScriptCaches (0ms)
		RebuildScriptCaches (0ms)
		SetupLoadedEditorAssemblies (194ms)
			LogAssemblyErrors (0ms)
			InitializePlatformSupportModulesInManaged (7ms)
			SetLoadedEditorAssemblies (8ms)
			RefreshPlugins (0ms)
			BeforeProcessingInitializeOnLoad (2ms)
			ProcessInitializeOnLoadAttributes (130ms)
			ProcessInitializeOnLoadMethodAttributes (46ms)
			AfterProcessingInitializeOnLoad (0ms)
			EditorAssembliesLoaded (0ms)
		ExecutionOrderSort2 (0ms)
		AwakeInstancesAfterBackupRestoration (0ms)
========================================================================
Worker process is ready to serve import requests
Caller must complete domain reload
Begin MonoManager ReloadAssembly
Symbol file data-000002AD0449C550 doesn't match image C:\Users\sam.hamer\Downloads\MH2Files\motionhanging2\mh2 new movement\Library\ScriptAssemblies\Unity.EditorCoroutines.Editor.dll
Symbol file LoadedFromMemory is not a mono symbol file
Symbol file data-000002AD05039820 doesn't match image C:\Users\sam.hamer\Downloads\MH2Files\motionhanging2\mh2 new movement\Library\ScriptAssemblies\Unity.AI.Navigation.dll
Symbol file LoadedFromMemory is not a mono symbol file
Symbol file data-000002AD05039820 doesn't match image C:\Users\sam.hamer\Downloads\MH2Files\motionhanging2\mh2 new movement\Library\ScriptAssemblies\Unity.ProBuilder.Stl.dll
Symbol file LoadedFromMemory is not a mono symbol file
Symbol file data-000002ACBFDBD700 doesn't match image C:\Users\sam.hamer\Downloads\MH2Files\motionhanging2\mh2 new movement\Library\ScriptAssemblies\Unity.ProBuilder.dll
Symbol file LoadedFromMemory is not a mono symbol file
Symbol file data-000002ACBFDBD700 doesn't match image C:\Users\sam.hamer\Downloads\MH2Files\motionhanging2\mh2 new movement\Library\ScriptAssemblies\Unity.Timeline.Editor.dll
Symbol file LoadedFromMemory is not a mono symbol file
Symbol file data-000002AD03EF71B0 doesn't match image C:\Users\sam.hamer\Downloads\MH2Files\motionhanging2\mh2 new movement\Library\ScriptAssemblies\Unity.VisualScripting.Shared.Editor.dll
Symbol file LoadedFromMemory is not a mono symbol file
Symbol file data-000002AD0449C550 doesn't match image C:\Users\sam.hamer\Downloads\MH2Files\motionhanging2\mh2 new movement\Library\ScriptAssemblies\Unity.VisualStudio.Editor.dll
Symbol file LoadedFromMemory is not a mono symbol file
Symbol file data-000002AD039659D0 doesn't match image C:\Users\sam.hamer\Downloads\MH2Files\motionhanging2\mh2 new movement\Library\ScriptAssemblies\UnityEditor.UI.dll
Symbol file LoadedFromMemory is not a mono symbol file
Symbol file data-000002ACBFB1CE20 doesn't match image C:\Users\sam.hamer\Downloads\MH2Files\motionhanging2\mh2 new movement\Library\ScriptAssemblies\Unity.VisualScripting.Core.dll
Symbol file LoadedFromMemory is not a mono symbol file
Symbol file data-000002ACBFDBD700 doesn't match image C:\Users\sam.hamer\Downloads\MH2Files\motionhanging2\mh2 new movement\Library\ScriptAssemblies\Unity.VisualScripting.Core.Editor.dll
Symbol file LoadedFromMemory is not a mono symbol file
Symbol file data-000002AD039781E0 doesn't match image C:\Users\sam.hamer\Downloads\MH2Files\motionhanging2\mh2 new movement\Library\ScriptAssemblies\Unity.Rider.Editor.dll
Symbol file LoadedFromMemory is not a mono symbol file
Symbol file data-000002AD0556B620 doesn't match image C:\Users\sam.hamer\Downloads\MH2Files\motionhanging2\mh2 new movement\Library\ScriptAssemblies\Unity.ProBuilder.AddOns.Editor.dll
Symbol file LoadedFromMemory is not a mono symbol file
Symbol file data-000002ACBFDBD700 doesn't match image C:\Users\sam.hamer\Downloads\MH2Files\motionhanging2\mh2 new movement\Library\ScriptAssemblies\UnityEngine.UI.dll
Symbol file LoadedFromMemory is not a mono symbol file
Symbol file data-000002AD03EF71B0 doesn't match image C:\Users\sam.hamer\Downloads\MH2Files\motionhanging2\mh2 new movement\Library\ScriptAssemblies\Unity.ProBuilder.Csg.dll
Symbol file LoadedFromMemory is not a mono symbol file
Symbol file data-000002AD03AF0570 doesn't match image C:\Users\sam.hamer\Downloads\MH2Files\motionhanging2\mh2 new movement\Library\ScriptAssemblies\Unity.VisualScripting.Flow.dll
Symbol file LoadedFromMemory is not a mono symbol file
Symbol file data-000002AD03B43380 doesn't match image C:\Users\sam.hamer\Downloads\MH2Files\motionhanging2\mh2 new movement\Library\ScriptAssemblies\Unity.VisualScripting.Flow.Editor.dll
Symbol file LoadedFromMemory is not a mono symbol file
Symbol file data-000002AD04181010 doesn't match image C:\Users\sam.hamer\Downloads\MH2Files\motionhanging2\mh2 new movement\Library\ScriptAssemblies\Unity.Timeline.dll
Symbol file LoadedFromMemory is not a mono symbol file
Symbol file data-000002ACBFE2D940 doesn't match image C:\Users\sam.hamer\Downloads\MH2Files\motionhanging2\mh2 new movement\Library\ScriptAssemblies\Unity.TestTools.CodeCoverage.Editor.OpenCover.Mono.Reflection.dll
Symbol file LoadedFromMemory is not a mono symbol file
Symbol file data-000002AD03D8B230 doesn't match image C:\Users\sam.hamer\Downloads\MH2Files\motionhanging2\mh2 new movement\Library\ScriptAssemblies\Unity.ProBuilder.Editor.dll
Symbol file LoadedFromMemory is not a mono symbol file
Symbol file data-000002ACBFE32150 doesn't match image C:\Users\sam.hamer\Downloads\MH2Files\motionhanging2\mh2 new movement\Library\ScriptAssemblies\Unity.VisualScripting.SettingsProvider.Editor.dll
Symbol file LoadedFromMemory is not a mono symbol file
Symbol file data-000002AD03DCC640 doesn't match image C:\Users\sam.hamer\Downloads\MH2Files\motionhanging2\mh2 new movement\Library\ScriptAssemblies\Unity.Performance.Profile-Analyzer.Editor.dll
Symbol file LoadedFromMemory is not a mono symbol file
Symbol file data-000002AD03B67190 doesn't match image C:\Users\sam.hamer\Downloads\MH2Files\motionhanging2\mh2 new movement\Library\ScriptAssemblies\Unity.TestTools.CodeCoverage.Editor.dll
Symbol file LoadedFromMemory is not a mono symbol file
Symbol file data-000002AD039781E0 doesn't match image C:\Users\sam.hamer\Downloads\MH2Files\motionhanging2\mh2 new movement\Library\ScriptAssemblies\Unity.TestTools.CodeCoverage.Editor.OpenCover.Model.dll
Symbol file LoadedFromMemory is not a mono symbol file
Symbol file data-000002AD03DED850 doesn't match image C:\Users\sam.hamer\Downloads\MH2Files\motionhanging2\mh2 new movement\Library\ScriptAssemblies\Unity.PlasticSCM.Editor.dll
Symbol file LoadedFromMemory is not a mono symbol file
Symbol file data-000002AD039781E0 doesn't match image C:\Users\sam.hamer\Downloads\MH2Files\motionhanging2\mh2 new movement\Library\ScriptAssemblies\Unity.AI.Navigation.Updater.dll
Symbol file LoadedFromMemory is not a mono symbol file
Symbol file data-000002AD03E47CB0 doesn't match image C:\Users\sam.hamer\Downloads\MH2Files\motionhanging2\mh2 new movement\Library\ScriptAssemblies\Unity.ProBuilder.Poly2Tri.dll
Symbol file LoadedFromMemory is not a mono symbol file
Symbol file data-000002AD03E582C0 doesn't match image C:\Users\sam.hamer\Downloads\MH2Files\motionhanging2\mh2 new movement\Library\ScriptAssemblies\Unity.VisualScripting.State.Editor.dll
Symbol file LoadedFromMemory is not a mono symbol file
Symbol file data-000002AD03E26E70 doesn't match image C:\Users\sam.hamer\Downloads\MH2Files\motionhanging2\mh2 new movement\Library\ScriptAssemblies\Unity.Settings.Editor.dll
Symbol file LoadedFromMemory is not a mono symbol file
Symbol file data-000002AD03E2AE80 doesn't match image C:\Users\sam.hamer\Downloads\MH2Files\motionhanging2\mh2 new movement\Library\ScriptAssemblies\Unity.ProBuilder.KdTree.dll
Symbol file LoadedFromMemory is not a mono symbol file
Symbol file data-000002AD03E2AE80 doesn't match image C:\Users\sam.hamer\Downloads\MH2Files\motionhanging2\mh2 new movement\Library\ScriptAssemblies\Unity.CollabProxy.Editor.dll
Symbol file LoadedFromMemory is not a mono symbol file
Symbol file data-000002ACBFCFD8C0 doesn't match image C:\Users\sam.hamer\Downloads\MH2Files\motionhanging2\mh2 new movement\Library\ScriptAssemblies\Unity.TextMeshPro.dll
Symbol file LoadedFromMemory is not a mono symbol file
Symbol file data-000002ACBFCFD8C0 doesn't match image C:\Users\sam.hamer\Downloads\MH2Files\motionhanging2\mh2 new movement\Library\ScriptAssemblies\Unity.TextMeshPro.Editor.dll
Symbol file LoadedFromMemory is not a mono symbol file
Symbol file data-000002ACBFD1ED60 doesn't match image C:\Users\sam.hamer\Downloads\MH2Files\motionhanging2\mh2 new movement\Library\ScriptAssemblies\Unity.AI.Navigation.Editor.dll
Symbol file LoadedFromMemory is not a mono symbol file
Symbol file data-000002ACBFD27F70 doesn't match image C:\Users\sam.hamer\Downloads\MH2Files\motionhanging2\mh2 new movement\Library\ScriptAssemblies\Unity.ProBuilder.AssetIdRemapUtility.dll
Symbol file LoadedFromMemory is not a mono symbol file
Symbol file data-000002ACBFD2FD80 doesn't match image C:\Users\sam.hamer\Downloads\MH2Files\motionhanging2\mh2 new movement\Library\ScriptAssemblies\Unity.VisualScripting.State.dll
Symbol file LoadedFromMemory is not a mono symbol file
Symbol file data-000002ACBFD35D90 doesn't match image C:\Users\sam.hamer\Downloads\MH2Files\motionhanging2\mh2 new movement\Library\ScriptAssemblies\Unity.AI.Navigation.Editor.ConversionSystem.dll
Symbol file LoadedFromMemory is not a mono symbol file
Symbol file data-000002AD03C0FDD0 doesn't match image C:\Users\sam.hamer\Downloads\MH2Files\motionhanging2\mh2 new movement\Library\ScriptAssemblies\Unity.VSCode.Editor.dll
Symbol file LoadedFromMemory is not a mono symbol file
- Loaded All Assemblies, in  2.006 seconds
Native extension for WindowsStandalone target not found
Mono: successfully reloaded assembly
- Finished resetting the current domain, in  0.598 seconds
Domain Reload Profiling: 2604ms
	BeginReloadAssembly (183ms)
		ExecutionOrderSort (0ms)
		DisableScriptedObjects (4ms)
		BackupInstance (0ms)
		ReleaseScriptingObjects (0ms)
		CreateAndSetChildDomain (22ms)
	RebuildCommonClasses (35ms)
	RebuildNativeTypeToScriptingClass (9ms)
	initialDomainReloadingComplete (33ms)
	LoadAllAssembliesAndSetupDomain (1747ms)
		LoadAssemblies (1644ms)
		RebuildTransferFunctionScriptingTraits (0ms)
		AnalyzeDomain (214ms)
			TypeCache.Refresh (177ms)
				TypeCache.ScanAssembly (158ms)
			ScanForSourceGeneratedMonoScriptInfo (26ms)
			ResolveRequiredComponents (10ms)
	FinalizeReload (598ms)
		ReleaseScriptCaches (0ms)
		RebuildScriptCaches (0ms)
		SetupLoadedEditorAssemblies (435ms)
			LogAssemblyErrors (0ms)
			InitializePlatformSupportModulesInManaged (6ms)
			SetLoadedEditorAssemblies (5ms)
			RefreshPlugins (0ms)
			BeforeProcessingInitializeOnLoad (68ms)
			ProcessInitializeOnLoadAttributes (299ms)
			ProcessInitializeOnLoadMethodAttributes (53ms)
			AfterProcessingInitializeOnLoad (3ms)
			EditorAssembliesLoaded (0ms)
		ExecutionOrderSort2 (0ms)
		AwakeInstancesAfterBackupRestoration (5ms)
Launched and connected shader compiler UnityShaderCompiler.exe after 0.04 seconds
Refreshing native plugins compatible for Editor in 4.52 ms, found 3 plugins.
Preloading 0 native plugins for Editor in 0.00 ms.
Unloading 5460 Unused Serialized files (Serialized files now loaded: 0)
Unloading 26 unused Assets / (412.1 KB). Loaded Objects now: 5943.
Memory consumption went from 230.8 MB to 230.3 MB.
Total: 5.335600 ms (FindLiveObjects: 0.616600 ms CreateObjectMapping: 0.200800 ms MarkObjects: 3.758700 ms  DeleteObjects: 0.758500 ms)

AssetImportParameters requested are different than current active one (requested -> active):
  custom:container-demuxer-ogg: 62fdf1f143b41e24485cea50d1cbac27 -> 
  custom:video-codec-MediaFoundation-h265: 746d11721c4dcdbdad8f713fa42b33f4 -> 
  custom:video-decoder-ogg-theora: a1e56fd34408186e4bbccfd4996cb3dc -> 
  custom:framework-win-MediaFoundation: 216162199b28c13a410421893ffa2e32 -> 
  custom:scripting/monoscript/fileName/NewBehaviourScript.cs: b21687ddb03d73bd9f0c1daecb9714de -> 
  custom:CustomObjectIndexerAttribute: 72b91833f83ae208fae7752999fa3104 -> 
  custom:container-demuxer-webm: 4f35f7cbe854078d1ac9338744f61a02 -> 
  custom:container-muxer-webm: aa71ff27fc2769a1b78a27578f13a17b -> 
  custom:video-decoder-webm-vp8: 9c59270c3fd7afecdb556c50c9e8de78 -> 
  custom:SearchIndexIgnoredProperties: e643bd26f0fe6173181afceb89e7c659 -> 
  custom:AudioImporter_EditorPlatform: d09bf68614088b80899f8185d706f6e7 -> 
  custom:video-encoder-webm-vp8: eb34c28f22e8b96e1ab97ce403110664 -> 
  custom:audio-decoder-ogg-vorbis: bf7c407c2cedff20999df2af8eb42d56 -> 
  custom:audio-encoder-webm-vorbis: bf7c407c2cedff20999df2af8eb42d56 -> 
  custom:scripting/precompiled-assembly-types:Assembly-CSharp: ac9948b21535bc6e109fe99859a53711 -> 6e9e464f42dfc3fadf6e4feddb34fcc2
  custom:scripting/monoscript/fileName/OutlineScript.cs:  -> b21687ddb03d73bd9f0c1daecb9714de
========================================================================
Received Prepare
Caller must complete domain reload
Begin MonoManager ReloadAssembly
Symbol file data-000002AD05A6F420 doesn't match image C:\Users\sam.hamer\Downloads\MH2Files\motionhanging2\mh2 new movement\Library\ScriptAssemblies\Unity.EditorCoroutines.Editor.dll
Symbol file LoadedFromMemory is not a mono symbol file
Symbol file data-000002AD0FD67650 doesn't match image C:\Users\sam.hamer\Downloads\MH2Files\motionhanging2\mh2 new movement\Library\ScriptAssemblies\Unity.AI.Navigation.dll
Symbol file LoadedFromMemory is not a mono symbol file
Symbol file data-000002AD0FD67650 doesn't match image C:\Users\sam.hamer\Downloads\MH2Files\motionhanging2\mh2 new movement\Library\ScriptAssemblies\Unity.ProBuilder.Stl.dll
Symbol file LoadedFromMemory is not a mono symbol file
Symbol file data-000002AD04DC0080 doesn't match image C:\Users\sam.hamer\Downloads\MH2Files\motionhanging2\mh2 new movement\Library\ScriptAssemblies\Unity.ProBuilder.dll
Symbol file LoadedFromMemory is not a mono symbol file
Symbol file data-000002AD10AE9010 doesn't match image C:\Users\sam.hamer\Downloads\MH2Files\motionhanging2\mh2 new movement\Library\ScriptAssemblies\Unity.Timeline.Editor.dll
Symbol file LoadedFromMemory is not a mono symbol file
Symbol file data-000002AD10232E20 doesn't match image C:\Users\sam.hamer\Downloads\MH2Files\motionhanging2\mh2 new movement\Library\ScriptAssemblies\Unity.VisualScripting.Shared.Editor.dll
Symbol file LoadedFromMemory is not a mono symbol file
Symbol file data-000002AD108F7010 doesn't match image C:\Users\sam.hamer\Downloads\MH2Files\motionhanging2\mh2 new movement\Library\ScriptAssemblies\Unity.VisualStudio.Editor.dll
Symbol file LoadedFromMemory is not a mono symbol file
Symbol file data-000002AD11327020 doesn't match image C:\Users\sam.hamer\Downloads\MH2Files\motionhanging2\mh2 new movement\Library\ScriptAssemblies\UnityEditor.UI.dll
Symbol file LoadedFromMemory is not a mono symbol file
Symbol file data-000002AD103E4060 doesn't match image C:\Users\sam.hamer\Downloads\MH2Files\motionhanging2\mh2 new movement\Library\ScriptAssemblies\Unity.VisualScripting.Core.dll
Symbol file LoadedFromMemory is not a mono symbol file
Symbol file data-000002AD0F078020 doesn't match image C:\Users\sam.hamer\Downloads\MH2Files\motionhanging2\mh2 new movement\Library\ScriptAssemblies\Unity.VisualScripting.Core.Editor.dll
Symbol file LoadedFromMemory is not a mono symbol file
Symbol file data-000002AD11327020 doesn't match image C:\Users\sam.hamer\Downloads\MH2Files\motionhanging2\mh2 new movement\Library\ScriptAssemblies\Unity.Rider.Editor.dll
Symbol file LoadedFromMemory is not a mono symbol file
Symbol file data-000002AD0705A9C0 doesn't match image C:\Users\sam.hamer\Downloads\MH2Files\motionhanging2\mh2 new movement\Library\ScriptAssemblies\Unity.ProBuilder.AddOns.Editor.dll
Symbol file LoadedFromMemory is not a mono symbol file
Symbol file data-000002AD10358220 doesn't match image C:\Users\sam.hamer\Downloads\MH2Files\motionhanging2\mh2 new movement\Library\ScriptAssemblies\UnityEngine.UI.dll
Symbol file LoadedFromMemory is not a mono symbol file
Symbol file data-000002AD0FD67650 doesn't match image C:\Users\sam.hamer\Downloads\MH2Files\motionhanging2\mh2 new movement\Library\ScriptAssemblies\Unity.ProBuilder.Csg.dll
Symbol file LoadedFromMemory is not a mono symbol file
Symbol file data-000002AD04DC0080 doesn't match image C:\Users\sam.hamer\Downloads\MH2Files\motionhanging2\mh2 new movement\Library\ScriptAssemblies\Unity.VisualScripting.Flow.dll
Symbol file LoadedFromMemory is not a mono symbol file
Symbol file data-000002AD03E726E0 doesn't match image C:\Users\sam.hamer\Downloads\MH2Files\motionhanging2\mh2 new movement\Library\ScriptAssemblies\Unity.VisualScripting.Flow.Editor.dll
Symbol file LoadedFromMemory is not a mono symbol file
Symbol file data-000002AD04473020 doesn't match image C:\Users\sam.hamer\Downloads\MH2Files\motionhanging2\mh2 new movement\Library\ScriptAssemblies\Unity.Timeline.dll
Symbol file LoadedFromMemory is not a mono symbol file
Symbol file data-000002AD10232E20 doesn't match image C:\Users\sam.hamer\Downloads\MH2Files\motionhanging2\mh2 new movement\Library\ScriptAssemblies\Unity.TestTools.CodeCoverage.Editor.OpenCover.Mono.Reflection.dll
Symbol file LoadedFromMemory is not a mono symbol file
Symbol file data-000002AD0F666030 doesn't match image C:\Users\sam.hamer\Downloads\MH2Files\motionhanging2\mh2 new movement\Library\ScriptAssemblies\Unity.ProBuilder.Editor.dll
Symbol file LoadedFromMemory is not a mono symbol file
Symbol file data-000002AD1037C030 doesn't match image C:\Users\sam.hamer\Downloads\MH2Files\motionhanging2\mh2 new movement\Library\ScriptAssemblies\Unity.VisualScripting.SettingsProvider.Editor.dll
Symbol file LoadedFromMemory is not a mono symbol file
Symbol file data-000002AD03E726E0 doesn't match image C:\Users\sam.hamer\Downloads\MH2Files\motionhanging2\mh2 new movement\Library\ScriptAssemblies\Unity.Performance.Profile-Analyzer.Editor.dll
Symbol file LoadedFromMemory is not a mono symbol file
Symbol file data-000002AD10949010 doesn't match image C:\Users\sam.hamer\Downloads\MH2Files\motionhanging2\mh2 new movement\Library\ScriptAssemblies\Unity.TestTools.CodeCoverage.Editor.dll
Symbol file LoadedFromMemory is not a mono symbol file
Symbol file data-000002AD0F4B9440 doesn't match image C:\Users\sam.hamer\Downloads\MH2Files\motionhanging2\mh2 new movement\Library\ScriptAssemblies\Unity.TestTools.CodeCoverage.Editor.OpenCover.Model.dll
Symbol file LoadedFromMemory is not a mono symbol file
Symbol file data-000002AD10AE9010 doesn't match image C:\Users\sam.hamer\Downloads\MH2Files\motionhanging2\mh2 new movement\Library\ScriptAssemblies\Unity.PlasticSCM.Editor.dll
Symbol file LoadedFromMemory is not a mono symbol file
Symbol file data-000002AD0F4B9440 doesn't match image C:\Users\sam.hamer\Downloads\MH2Files\motionhanging2\mh2 new movement\Library\ScriptAssemblies\Unity.AI.Navigation.Updater.dll
Symbol file LoadedFromMemory is not a mono symbol file
Symbol file data-000002AD0F4B9440 doesn't match image C:\Users\sam.hamer\Downloads\MH2Files\motionhanging2\mh2 new movement\Library\ScriptAssemblies\Unity.ProBuilder.Poly2Tri.dll
Symbol file LoadedFromMemory is not a mono symbol file
Symbol file data-000002AD11327020 doesn't match image C:\Users\sam.hamer\Downloads\MH2Files\motionhanging2\mh2 new movement\Library\ScriptAssemblies\Unity.VisualScripting.State.Editor.dll
Symbol file LoadedFromMemory is not a mono symbol file
Symbol file data-000002AD06B2B9F0 doesn't match image C:\Users\sam.hamer\Downloads\MH2Files\motionhanging2\mh2 new movement\Library\ScriptAssemblies\Unity.Settings.Editor.dll
Symbol file LoadedFromMemory is not a mono symbol file
Symbol file data-000002AD0F0EC010 doesn't match image C:\Users\sam.hamer\Downloads\MH2Files\motionhanging2\mh2 new movement\Library\ScriptAssemblies\Unity.ProBuilder.KdTree.dll
Symbol file LoadedFromMemory is not a mono symbol file
Symbol file data-000002AD0F0EC010 doesn't match image C:\Users\sam.hamer\Downloads\MH2Files\motionhanging2\mh2 new movement\Library\ScriptAssemblies\Unity.CollabProxy.Editor.dll
Symbol file LoadedFromMemory is not a mono symbol file
Symbol file data-000002AD04DC0080 doesn't match image C:\Users\sam.hamer\Downloads\MH2Files\motionhanging2\mh2 new movement\Library\ScriptAssemblies\Unity.TextMeshPro.dll
Symbol file LoadedFromMemory is not a mono symbol file
Symbol file data-000002AD068D4220 doesn't match image C:\Users\sam.hamer\Downloads\MH2Files\motionhanging2\mh2 new movement\Library\ScriptAssemblies\Unity.TextMeshPro.Editor.dll
Symbol file LoadedFromMemory is not a mono symbol file
Symbol file data-000002AD11345010 doesn't match image C:\Users\sam.hamer\Downloads\MH2Files\motionhanging2\mh2 new movement\Library\ScriptAssemblies\Unity.AI.Navigation.Editor.dll
Symbol file LoadedFromMemory is not a mono symbol file
Symbol file data-000002AD1134E220 doesn't match image C:\Users\sam.hamer\Downloads\MH2Files\motionhanging2\mh2 new movement\Library\ScriptAssemblies\Unity.ProBuilder.AssetIdRemapUtility.dll
Symbol file LoadedFromMemory is not a mono symbol file
Symbol file data-000002AD1134E220 doesn't match image C:\Users\sam.hamer\Downloads\MH2Files\motionhanging2\mh2 new movement\Library\ScriptAssemblies\Unity.VisualScripting.State.dll
Symbol file LoadedFromMemory is not a mono symbol file
Symbol file data-000002AD0F0F6220 doesn't match image C:\Users\sam.hamer\Downloads\MH2Files\motionhanging2\mh2 new movement\Library\ScriptAssemblies\Unity.AI.Navigation.Editor.ConversionSystem.dll
Symbol file LoadedFromMemory is not a mono symbol file
Symbol file data-000002AD06726EE0 doesn't match image C:\Users\sam.hamer\Downloads\MH2Files\motionhanging2\mh2 new movement\Library\ScriptAssemblies\Unity.VSCode.Editor.dll
Symbol file LoadedFromMemory is not a mono symbol file
- Loaded All Assemblies, in  0.559 seconds
Native extension for WindowsStandalone target not found
Mono: successfully reloaded assembly
- Finished resetting the current domain, in  1.493 seconds
Domain Reload Profiling: 2049ms
	BeginReloadAssembly (168ms)
		ExecutionOrderSort (0ms)
		DisableScriptedObjects (3ms)
		BackupInstance (0ms)
		ReleaseScriptingObjects (0ms)
		CreateAndSetChildDomain (30ms)
	RebuildCommonClasses (37ms)
	RebuildNativeTypeToScriptingClass (11ms)
	initialDomainReloadingComplete (35ms)
	LoadAllAssembliesAndSetupDomain (305ms)
		LoadAssemblies (379ms)
		RebuildTransferFunctionScriptingTraits (0ms)
		AnalyzeDomain (32ms)
			TypeCache.Refresh (14ms)
				TypeCache.ScanAssembly (0ms)
			ScanForSourceGeneratedMonoScriptInfo (2ms)
			ResolveRequiredComponents (15ms)
	FinalizeReload (1494ms)
		ReleaseScriptCaches (0ms)
		RebuildScriptCaches (0ms)
		SetupLoadedEditorAssemblies (383ms)
			LogAssemblyErrors (0ms)
			InitializePlatformSupportModulesInManaged (5ms)
			SetLoadedEditorAssemblies (5ms)
			RefreshPlugins (0ms)
			BeforeProcessingInitializeOnLoad (62ms)
			ProcessInitializeOnLoadAttributes (251ms)
			ProcessInitializeOnLoadMethodAttributes (55ms)
			AfterProcessingInitializeOnLoad (4ms)
			EditorAssembliesLoaded (0ms)
		ExecutionOrderSort2 (0ms)
		AwakeInstancesAfterBackupRestoration (11ms)
Refreshing native plugins compatible for Editor in 5.99 ms, found 3 plugins.
Preloading 0 native plugins for Editor in 0.00 ms.
Unloading 5276 Unused Serialized files (Serialized files now loaded: 0)
Unloading 21 unused Assets / (377.9 KB). Loaded Objects now: 5947.
Memory consumption went from 196.9 MB to 196.6 MB.
Total: 14.418100 ms (FindLiveObjects: 1.413400 ms CreateObjectMapping: 0.633600 ms MarkObjects: 11.955700 ms  DeleteObjects: 0.412600 ms)

Prepare: number of updated asset objects reloaded= 0
AssetImportParameters requested are different than current active one (requested -> active):
  custom:container-demuxer-ogg: 62fdf1f143b41e24485cea50d1cbac27 -> 
  custom:video-codec-MediaFoundation-h265: 746d11721c4dcdbdad8f713fa42b33f4 -> 
  custom:video-decoder-ogg-theora: a1e56fd34408186e4bbccfd4996cb3dc -> 
  custom:framework-win-MediaFoundation: 216162199b28c13a410421893ffa2e32 -> 
  custom:scripting/monoscript/fileName/NewBehaviourScript.cs: b21687ddb03d73bd9f0c1daecb9714de -> 
  custom:CustomObjectIndexerAttribute: 72b91833f83ae208fae7752999fa3104 -> 
  custom:container-demuxer-webm: 4f35f7cbe854078d1ac9338744f61a02 -> 
  custom:container-muxer-webm: aa71ff27fc2769a1b78a27578f13a17b -> 
  custom:video-decoder-webm-vp8: 9c59270c3fd7afecdb556c50c9e8de78 -> 
  custom:SearchIndexIgnoredProperties: e643bd26f0fe6173181afceb89e7c659 -> 
  custom:AudioImporter_EditorPlatform: d09bf68614088b80899f8185d706f6e7 -> 
  custom:video-encoder-webm-vp8: eb34c28f22e8b96e1ab97ce403110664 -> 
  custom:audio-decoder-ogg-vorbis: bf7c407c2cedff20999df2af8eb42d56 -> 
  custom:audio-encoder-webm-vorbis: bf7c407c2cedff20999df2af8eb42d56 -> 
========================================================================
Received Prepare
Caller must complete domain reload
Begin MonoManager ReloadAssembly
Symbol file data-000002AD11DFD3B0 doesn't match image C:\Users\sam.hamer\Downloads\MH2Files\motionhanging2\mh2 new movement\Library\ScriptAssemblies\Unity.EditorCoroutines.Editor.dll
Symbol file LoadedFromMemory is not a mono symbol file
Symbol file data-000002AD130AB030 doesn't match image C:\Users\sam.hamer\Downloads\MH2Files\motionhanging2\mh2 new movement\Library\ScriptAssemblies\Unity.AI.Navigation.dll
Symbol file LoadedFromMemory is not a mono symbol file
Symbol file data-000002AD05C11020 doesn't match image C:\Users\sam.hamer\Downloads\MH2Files\motionhanging2\mh2 new movement\Library\ScriptAssemblies\Unity.ProBuilder.Stl.dll
Symbol file LoadedFromMemory is not a mono symbol file
Symbol file data-000002AD0F164010 doesn't match image C:\Users\sam.hamer\Downloads\MH2Files\motionhanging2\mh2 new movement\Library\ScriptAssemblies\Unity.ProBuilder.dll
Symbol file LoadedFromMemory is not a mono symbol file
Symbol file data-000002AD10AE9010 doesn't match image C:\Users\sam.hamer\Downloads\MH2Files\motionhanging2\mh2 new movement\Library\ScriptAssemblies\Unity.Timeline.Editor.dll
Symbol file LoadedFromMemory is not a mono symbol file
Symbol file data-000002AD05C11020 doesn't match image C:\Users\sam.hamer\Downloads\MH2Files\motionhanging2\mh2 new movement\Library\ScriptAssemblies\Unity.VisualScripting.Shared.Editor.dll
Symbol file LoadedFromMemory is not a mono symbol file
Symbol file data-000002AD10949010 doesn't match image C:\Users\sam.hamer\Downloads\MH2Files\motionhanging2\mh2 new movement\Library\ScriptAssemblies\Unity.VisualStudio.Editor.dll
Symbol file LoadedFromMemory is not a mono symbol file
Symbol file data-000002AD062A9010 doesn't match image C:\Users\sam.hamer\Downloads\MH2Files\motionhanging2\mh2 new movement\Library\ScriptAssemblies\UnityEditor.UI.dll
Symbol file LoadedFromMemory is not a mono symbol file
Symbol file data-000002AD137B7030 doesn't match image C:\Users\sam.hamer\Downloads\MH2Files\motionhanging2\mh2 new movement\Library\ScriptAssemblies\Unity.VisualScripting.Core.dll
Symbol file LoadedFromMemory is not a mono symbol file
Symbol file data-000002ACBFB93010 doesn't match image C:\Users\sam.hamer\Downloads\MH2Files\motionhanging2\mh2 new movement\Library\ScriptAssemblies\Unity.VisualScripting.Core.Editor.dll
Symbol file LoadedFromMemory is not a mono symbol file
Symbol file data-000002AD11FB7CC0 doesn't match image C:\Users\sam.hamer\Downloads\MH2Files\motionhanging2\mh2 new movement\Library\ScriptAssemblies\Unity.Rider.Editor.dll
Symbol file LoadedFromMemory is not a mono symbol file
Symbol file data-000002ACBFFAABF0 doesn't match image C:\Users\sam.hamer\Downloads\MH2Files\motionhanging2\mh2 new movement\Library\ScriptAssemblies\Unity.ProBuilder.AddOns.Editor.dll
Symbol file LoadedFromMemory is not a mono symbol file
Symbol file data-000002AD13B530C0 doesn't match image C:\Users\sam.hamer\Downloads\MH2Files\motionhanging2\mh2 new movement\Library\ScriptAssemblies\UnityEngine.UI.dll
Symbol file LoadedFromMemory is not a mono symbol file
Symbol file data-000002AD130AB030 doesn't match image C:\Users\sam.hamer\Downloads\MH2Files\motionhanging2\mh2 new movement\Library\ScriptAssemblies\Unity.ProBuilder.Csg.dll
Symbol file LoadedFromMemory is not a mono symbol file
Symbol file data-000002AD0F164010 doesn't match image C:\Users\sam.hamer\Downloads\MH2Files\motionhanging2\mh2 new movement\Library\ScriptAssemblies\Unity.VisualScripting.Flow.dll
Symbol file LoadedFromMemory is not a mono symbol file
Symbol file data-000002AD03E726E0 doesn't match image C:\Users\sam.hamer\Downloads\MH2Files\motionhanging2\mh2 new movement\Library\ScriptAssemblies\Unity.VisualScripting.Flow.Editor.dll
Symbol file LoadedFromMemory is not a mono symbol file
Symbol file data-000002AD1187E6B0 doesn't match image C:\Users\sam.hamer\Downloads\MH2Files\motionhanging2\mh2 new movement\Library\ScriptAssemblies\Unity.Timeline.dll
Symbol file LoadedFromMemory is not a mono symbol file
Symbol file data-000002AD05C11020 doesn't match image C:\Users\sam.hamer\Downloads\MH2Files\motionhanging2\mh2 new movement\Library\ScriptAssemblies\Unity.TestTools.CodeCoverage.Editor.OpenCover.Mono.Reflection.dll
Symbol file LoadedFromMemory is not a mono symbol file
Symbol file data-000002AD051EC020 doesn't match image C:\Users\sam.hamer\Downloads\MH2Files\motionhanging2\mh2 new movement\Library\ScriptAssemblies\Unity.ProBuilder.Editor.dll
Symbol file LoadedFromMemory is not a mono symbol file
Symbol file data-000002AD0FF22C50 doesn't match image C:\Users\sam.hamer\Downloads\MH2Files\motionhanging2\mh2 new movement\Library\ScriptAssemblies\Unity.VisualScripting.SettingsProvider.Editor.dll
Symbol file LoadedFromMemory is not a mono symbol file
Symbol file data-000002AD03A31030 doesn't match image C:\Users\sam.hamer\Downloads\MH2Files\motionhanging2\mh2 new movement\Library\ScriptAssemblies\Unity.Performance.Profile-Analyzer.Editor.dll
Symbol file LoadedFromMemory is not a mono symbol file
Symbol file data-000002AD0F0EC010 doesn't match image C:\Users\sam.hamer\Downloads\MH2Files\motionhanging2\mh2 new movement\Library\ScriptAssemblies\Unity.TestTools.CodeCoverage.Editor.dll
Symbol file LoadedFromMemory is not a mono symbol file
Symbol file data-000002AD11821DC0 doesn't match image C:\Users\sam.hamer\Downloads\MH2Files\motionhanging2\mh2 new movement\Library\ScriptAssemblies\Unity.TestTools.CodeCoverage.Editor.OpenCover.Model.dll
Symbol file LoadedFromMemory is not a mono symbol file
Symbol file data-000002AD10AE9010 doesn't match image C:\Users\sam.hamer\Downloads\MH2Files\motionhanging2\mh2 new movement\Library\ScriptAssemblies\Unity.PlasticSCM.Editor.dll
Symbol file LoadedFromMemory is not a mono symbol file
Symbol file data-000002AD05C11020 doesn't match image C:\Users\sam.hamer\Downloads\MH2Files\motionhanging2\mh2 new movement\Library\ScriptAssemblies\Unity.AI.Navigation.Updater.dll
Symbol file LoadedFromMemory is not a mono symbol file
Symbol file data-000002AD12CD0890 doesn't match image C:\Users\sam.hamer\Downloads\MH2Files\motionhanging2\mh2 new movement\Library\ScriptAssemblies\Unity.ProBuilder.Poly2Tri.dll
Symbol file LoadedFromMemory is not a mono symbol file
Symbol file data-000002AD062A9010 doesn't match image C:\Users\sam.hamer\Downloads\MH2Files\motionhanging2\mh2 new movement\Library\ScriptAssemblies\Unity.VisualScripting.State.Editor.dll
Symbol file LoadedFromMemory is not a mono symbol file
Symbol file data-000002AD10743430 doesn't match image C:\Users\sam.hamer\Downloads\MH2Files\motionhanging2\mh2 new movement\Library\ScriptAssemblies\Unity.Settings.Editor.dll
Symbol file LoadedFromMemory is not a mono symbol file
Symbol file data-000002AD12404560 doesn't match image C:\Users\sam.hamer\Downloads\MH2Files\motionhanging2\mh2 new movement\Library\ScriptAssemblies\Unity.ProBuilder.KdTree.dll
Symbol file LoadedFromMemory is not a mono symbol file
Symbol file data-000002AB947E2C80 doesn't match image C:\Users\sam.hamer\Downloads\MH2Files\motionhanging2\mh2 new movement\Library\ScriptAssemblies\Unity.CollabProxy.Editor.dll
Symbol file LoadedFromMemory is not a mono symbol file
Symbol file data-000002AD0F164010 doesn't match image C:\Users\sam.hamer\Downloads\MH2Files\motionhanging2\mh2 new movement\Library\ScriptAssemblies\Unity.TextMeshPro.dll
Symbol file LoadedFromMemory is not a mono symbol file
Symbol file data-000002AD12CEA060 doesn't match image C:\Users\sam.hamer\Downloads\MH2Files\motionhanging2\mh2 new movement\Library\ScriptAssemblies\Unity.TextMeshPro.Editor.dll
Symbol file LoadedFromMemory is not a mono symbol file
Symbol file data-000002AD13861070 doesn't match image C:\Users\sam.hamer\Downloads\MH2Files\motionhanging2\mh2 new movement\Library\ScriptAssemblies\Unity.AI.Navigation.Editor.dll
Symbol file LoadedFromMemory is not a mono symbol file
Symbol file data-000002AD11821DC0 doesn't match image C:\Users\sam.hamer\Downloads\MH2Files\motionhanging2\mh2 new movement\Library\ScriptAssemblies\Unity.ProBuilder.AssetIdRemapUtility.dll
Symbol file LoadedFromMemory is not a mono symbol file
Symbol file data-000002AD11821DC0 doesn't match image C:\Users\sam.hamer\Downloads\MH2Files\motionhanging2\mh2 new movement\Library\ScriptAssemblies\Unity.VisualScripting.State.dll
Symbol file LoadedFromMemory is not a mono symbol file
Symbol file data-000002AD11821DC0 doesn't match image C:\Users\sam.hamer\Downloads\MH2Files\motionhanging2\mh2 new movement\Library\ScriptAssemblies\Unity.AI.Navigation.Editor.ConversionSystem.dll
Symbol file LoadedFromMemory is not a mono symbol file
Symbol file data-000002AD11821DC0 doesn't match image C:\Users\sam.hamer\Downloads\MH2Files\motionhanging2\mh2 new movement\Library\ScriptAssemblies\Unity.VSCode.Editor.dll
Symbol file LoadedFromMemory is not a mono symbol file
- Loaded All Assemblies, in  2.482 seconds
Native extension for WindowsStandalone target not found
Mono: successfully reloaded assembly
- Finished resetting the current domain, in 18.200 seconds
Domain Reload Profiling: 20686ms
	BeginReloadAssembly (281ms)
		ExecutionOrderSort (0ms)
		DisableScriptedObjects (15ms)
		BackupInstance (0ms)
		ReleaseScriptingObjects (0ms)
		CreateAndSetChildDomain (98ms)
	RebuildCommonClasses (25ms)
	RebuildNativeTypeToScriptingClass (9ms)
	initialDomainReloadingComplete (29ms)
	LoadAllAssembliesAndSetupDomain (2141ms)
		LoadAssemblies (2148ms)
		RebuildTransferFunctionScriptingTraits (0ms)
		AnalyzeDomain (70ms)
			TypeCache.Refresh (23ms)
				TypeCache.ScanAssembly (1ms)
			ScanForSourceGeneratedMonoScriptInfo (35ms)
			ResolveRequiredComponents (11ms)
	FinalizeReload (18201ms)
		ReleaseScriptCaches (0ms)
		RebuildScriptCaches (0ms)
		SetupLoadedEditorAssemblies (401ms)
			LogAssemblyErrors (0ms)
			InitializePlatformSupportModulesInManaged (9ms)
			SetLoadedEditorAssemblies (6ms)
			RefreshPlugins (0ms)
			BeforeProcessingInitializeOnLoad (66ms)
			ProcessInitializeOnLoadAttributes (263ms)
			ProcessInitializeOnLoadMethodAttributes (53ms)
			AfterProcessingInitializeOnLoad (4ms)
			EditorAssembliesLoaded (0ms)
		ExecutionOrderSort2 (0ms)
		AwakeInstancesAfterBackupRestoration (8ms)
Refreshing native plugins compatible for Editor in 8.06 ms, found 3 plugins.
Preloading 0 native plugins for Editor in 0.00 ms.
Unloading 5276 Unused Serialized files (Serialized files now loaded: 0)
Unloading 21 unused Assets / (386.2 KB). Loaded Objects now: 5951.
Memory consumption went from 197.0 MB to 196.6 MB.
Total: 4.516100 ms (FindLiveObjects: 0.319400 ms CreateObjectMapping: 0.175700 ms MarkObjects: 3.630300 ms  DeleteObjects: 0.389600 ms)

Prepare: number of updated asset objects reloaded= 0
AssetImportParameters requested are different than current active one (requested -> active):
  custom:container-demuxer-ogg: 62fdf1f143b41e24485cea50d1cbac27 -> 
  custom:video-codec-MediaFoundation-h265: 746d11721c4dcdbdad8f713fa42b33f4 -> 
  custom:video-decoder-ogg-theora: a1e56fd34408186e4bbccfd4996cb3dc -> 
  custom:framework-win-MediaFoundation: 216162199b28c13a410421893ffa2e32 -> 
  custom:scripting/monoscript/fileName/NewBehaviourScript.cs: b21687ddb03d73bd9f0c1daecb9714de -> 
  custom:scripting/monoscript/fileName/OutlineScript.cs: ec7ee53869f629e80e8d4ee8c617d67f -> b21687ddb03d73bd9f0c1daecb9714de
  custom:CustomObjectIndexerAttribute: 72b91833f83ae208fae7752999fa3104 -> 
  custom:container-demuxer-webm: 4f35f7cbe854078d1ac9338744f61a02 -> 
  custom:container-muxer-webm: aa71ff27fc2769a1b78a27578f13a17b -> 
  custom:video-decoder-webm-vp8: 9c59270c3fd7afecdb556c50c9e8de78 -> 
  custom:SearchIndexIgnoredProperties: e643bd26f0fe6173181afceb89e7c659 -> 
  custom:AudioImporter_EditorPlatform: d09bf68614088b80899f8185d706f6e7 -> 
  custom:video-encoder-webm-vp8: eb34c28f22e8b96e1ab97ce403110664 -> 
  custom:audio-decoder-ogg-vorbis: bf7c407c2cedff20999df2af8eb42d56 -> 
  custom:audio-encoder-webm-vorbis: bf7c407c2cedff20999df2af8eb42d56 -> 
  custom:scripting/precompiled-assembly-types:Assembly-CSharp: 9f349353702f91dd09a128316907a48b -> 6e9e464f42dfc3fadf6e4feddb34fcc2
========================================================================
Received Prepare
Caller must complete domain reload
Begin MonoManager ReloadAssembly
Symbol file data-000002AD11DFD3B0 doesn't match image C:\Users\sam.hamer\Downloads\MH2Files\motionhanging2\mh2 new movement\Library\ScriptAssemblies\Unity.EditorCoroutines.Editor.dll
Symbol file LoadedFromMemory is not a mono symbol file
Symbol file data-000002AD129EA020 doesn't match image C:\Users\sam.hamer\Downloads\MH2Files\motionhanging2\mh2 new movement\Library\ScriptAssemblies\Unity.AI.Navigation.dll
Symbol file LoadedFromMemory is not a mono symbol file
Symbol file data-000002AD134F6E50 doesn't match image C:\Users\sam.hamer\Downloads\MH2Files\motionhanging2\mh2 new movement\Library\ScriptAssemblies\Unity.ProBuilder.Stl.dll
Symbol file LoadedFromMemory is not a mono symbol file
Symbol file data-000002AD0F164010 doesn't match image C:\Users\sam.hamer\Downloads\MH2Files\motionhanging2\mh2 new movement\Library\ScriptAssemblies\Unity.ProBuilder.dll
Symbol file LoadedFromMemory is not a mono symbol file
Symbol file data-000002AD0FD1C020 doesn't match image C:\Users\sam.hamer\Downloads\MH2Files\motionhanging2\mh2 new movement\Library\ScriptAssemblies\Unity.Timeline.Editor.dll
Symbol file LoadedFromMemory is not a mono symbol file
Symbol file data-000002AD134F6E50 doesn't match image C:\Users\sam.hamer\Downloads\MH2Files\motionhanging2\mh2 new movement\Library\ScriptAssemblies\Unity.VisualScripting.Shared.Editor.dll
Symbol file LoadedFromMemory is not a mono symbol file
Symbol file data-000002AD0F7A2010 doesn't match image C:\Users\sam.hamer\Downloads\MH2Files\motionhanging2\mh2 new movement\Library\ScriptAssemblies\Unity.VisualStudio.Editor.dll
Symbol file LoadedFromMemory is not a mono symbol file
Symbol file data-000002AD062A9010 doesn't match image C:\Users\sam.hamer\Downloads\MH2Files\motionhanging2\mh2 new movement\Library\ScriptAssemblies\UnityEditor.UI.dll
Symbol file LoadedFromMemory is not a mono symbol file
Symbol file data-000002AD137B7030 doesn't match image C:\Users\sam.hamer\Downloads\MH2Files\motionhanging2\mh2 new movement\Library\ScriptAssemblies\Unity.VisualScripting.Core.dll
Symbol file LoadedFromMemory is not a mono symbol file
Symbol file data-000002AD1096B010 doesn't match image C:\Users\sam.hamer\Downloads\MH2Files\motionhanging2\mh2 new movement\Library\ScriptAssemblies\Unity.VisualScripting.Core.Editor.dll
Symbol file LoadedFromMemory is not a mono symbol file
Symbol file data-000002AD11327020 doesn't match image C:\Users\sam.hamer\Downloads\MH2Files\motionhanging2\mh2 new movement\Library\ScriptAssemblies\Unity.Rider.Editor.dll
Symbol file LoadedFromMemory is not a mono symbol file
Symbol file data-000002AD124521D0 doesn't match image C:\Users\sam.hamer\Downloads\MH2Files\motionhanging2\mh2 new movement\Library\ScriptAssemblies\Unity.ProBuilder.AddOns.Editor.dll
Symbol file LoadedFromMemory is not a mono symbol file
Symbol file data-000002AD119150F0 doesn't match image C:\Users\sam.hamer\Downloads\MH2Files\motionhanging2\mh2 new movement\Library\ScriptAssemblies\UnityEngine.UI.dll
Symbol file LoadedFromMemory is not a mono symbol file
Symbol file data-000002AD54F3A010 doesn't match image C:\Users\sam.hamer\Downloads\MH2Files\motionhanging2\mh2 new movement\Library\ScriptAssemblies\Unity.ProBuilder.Csg.dll
Symbol file LoadedFromMemory is not a mono symbol file
Symbol file data-000002AD0F164010 doesn't match image C:\Users\sam.hamer\Downloads\MH2Files\motionhanging2\mh2 new movement\Library\ScriptAssemblies\Unity.VisualScripting.Flow.dll
Symbol file LoadedFromMemory is not a mono symbol file
Symbol file data-000002AD11A60540 doesn't match image C:\Users\sam.hamer\Downloads\MH2Files\motionhanging2\mh2 new movement\Library\ScriptAssemblies\Unity.VisualScripting.Flow.Editor.dll
Symbol file LoadedFromMemory is not a mono symbol file
Symbol file data-000002AD12E59440 doesn't match image C:\Users\sam.hamer\Downloads\MH2Files\motionhanging2\mh2 new movement\Library\ScriptAssemblies\Unity.Timeline.dll
Symbol file LoadedFromMemory is not a mono symbol file
Symbol file data-000002AD0FF22C50 doesn't match image C:\Users\sam.hamer\Downloads\MH2Files\motionhanging2\mh2 new movement\Library\ScriptAssemblies\Unity.TestTools.CodeCoverage.Editor.OpenCover.Mono.Reflection.dll
Symbol file LoadedFromMemory is not a mono symbol file
Symbol file data-000002AD058C8010 doesn't match image C:\Users\sam.hamer\Downloads\MH2Files\motionhanging2\mh2 new movement\Library\ScriptAssemblies\Unity.ProBuilder.Editor.dll
Symbol file LoadedFromMemory is not a mono symbol file
Symbol file data-000002AD54AB99B0 doesn't match image C:\Users\sam.hamer\Downloads\MH2Files\motionhanging2\mh2 new movement\Library\ScriptAssemblies\Unity.VisualScripting.SettingsProvider.Editor.dll
Symbol file LoadedFromMemory is not a mono symbol file
Symbol file data-000002AD11A60540 doesn't match image C:\Users\sam.hamer\Downloads\MH2Files\motionhanging2\mh2 new movement\Library\ScriptAssemblies\Unity.Performance.Profile-Analyzer.Editor.dll
Symbol file LoadedFromMemory is not a mono symbol file
Symbol file data-000002AD03AD3430 doesn't match image C:\Users\sam.hamer\Downloads\MH2Files\motionhanging2\mh2 new movement\Library\ScriptAssemblies\Unity.TestTools.CodeCoverage.Editor.dll
Symbol file LoadedFromMemory is not a mono symbol file
Symbol file data-000002AD10743430 doesn't match image C:\Users\sam.hamer\Downloads\MH2Files\motionhanging2\mh2 new movement\Library\ScriptAssemblies\Unity.TestTools.CodeCoverage.Editor.OpenCover.Model.dll
Symbol file LoadedFromMemory is not a mono symbol file
Symbol file data-000002AD12DA0650 doesn't match image C:\Users\sam.hamer\Downloads\MH2Files\motionhanging2\mh2 new movement\Library\ScriptAssemblies\Unity.PlasticSCM.Editor.dll
Symbol file LoadedFromMemory is not a mono symbol file
Symbol file data-000002AD045957A0 doesn't match image C:\Users\sam.hamer\Downloads\MH2Files\motionhanging2\mh2 new movement\Library\ScriptAssemblies\Unity.AI.Navigation.Updater.dll
Symbol file LoadedFromMemory is not a mono symbol file
Symbol file data-000002AD11D0F010 doesn't match image C:\Users\sam.hamer\Downloads\MH2Files\motionhanging2\mh2 new movement\Library\ScriptAssemblies\Unity.ProBuilder.Poly2Tri.dll
Symbol file LoadedFromMemory is not a mono symbol file
Symbol file data-000002AD062A9010 doesn't match image C:\Users\sam.hamer\Downloads\MH2Files\motionhanging2\mh2 new movement\Library\ScriptAssemblies\Unity.VisualScripting.State.Editor.dll
Symbol file LoadedFromMemory is not a mono symbol file
Symbol file data-000002AD10743430 doesn't match image C:\Users\sam.hamer\Downloads\MH2Files\motionhanging2\mh2 new movement\Library\ScriptAssemblies\Unity.Settings.Editor.dll
Symbol file LoadedFromMemory is not a mono symbol file
Symbol file data-000002AD12404560 doesn't match image C:\Users\sam.hamer\Downloads\MH2Files\motionhanging2\mh2 new movement\Library\ScriptAssemblies\Unity.ProBuilder.KdTree.dll
Symbol file LoadedFromMemory is not a mono symbol file
Symbol file data-000002AD12404560 doesn't match image C:\Users\sam.hamer\Downloads\MH2Files\motionhanging2\mh2 new movement\Library\ScriptAssemblies\Unity.CollabProxy.Editor.dll
Symbol file LoadedFromMemory is not a mono symbol file
Symbol file data-000002AD0F164010 doesn't match image C:\Users\sam.hamer\Downloads\MH2Files\motionhanging2\mh2 new movement\Library\ScriptAssemblies\Unity.TextMeshPro.dll
Symbol file LoadedFromMemory is not a mono symbol file
Symbol file data-000002AD12E59440 doesn't match image C:\Users\sam.hamer\Downloads\MH2Files\motionhanging2\mh2 new movement\Library\ScriptAssemblies\Unity.TextMeshPro.Editor.dll
Symbol file LoadedFromMemory is not a mono symbol file
Symbol file data-000002AD0F282020 doesn't match image C:\Users\sam.hamer\Downloads\MH2Files\motionhanging2\mh2 new movement\Library\ScriptAssemblies\Unity.AI.Navigation.Editor.dll
Symbol file LoadedFromMemory is not a mono symbol file
Symbol file data-000002AD10743430 doesn't match image C:\Users\sam.hamer\Downloads\MH2Files\motionhanging2\mh2 new movement\Library\ScriptAssemblies\Unity.ProBuilder.AssetIdRemapUtility.dll
Symbol file LoadedFromMemory is not a mono symbol file
Symbol file data-000002AD10743430 doesn't match image C:\Users\sam.hamer\Downloads\MH2Files\motionhanging2\mh2 new movement\Library\ScriptAssemblies\Unity.VisualScripting.State.dll
Symbol file LoadedFromMemory is not a mono symbol file
Symbol file data-000002AD11801D90 doesn't match image C:\Users\sam.hamer\Downloads\MH2Files\motionhanging2\mh2 new movement\Library\ScriptAssemblies\Unity.AI.Navigation.Editor.ConversionSystem.dll
Symbol file LoadedFromMemory is not a mono symbol file
Symbol file data-000002AD11801D90 doesn't match image C:\Users\sam.hamer\Downloads\MH2Files\motionhanging2\mh2 new movement\Library\ScriptAssemblies\Unity.VSCode.Editor.dll
Symbol file LoadedFromMemory is not a mono symbol file
- Loaded All Assemblies, in  0.740 seconds
Native extension for WindowsStandalone target not found
Mono: successfully reloaded assembly
- Finished resetting the current domain, in  1.739 seconds
Domain Reload Profiling: 2478ms
	BeginReloadAssembly (182ms)
		ExecutionOrderSort (0ms)
		DisableScriptedObjects (4ms)
		BackupInstance (0ms)
		ReleaseScriptingObjects (1ms)
		CreateAndSetChildDomain (36ms)
	RebuildCommonClasses (26ms)
	RebuildNativeTypeToScriptingClass (8ms)
	initialDomainReloadingComplete (30ms)
	LoadAllAssembliesAndSetupDomain (492ms)
		LoadAssemblies (579ms)
		RebuildTransferFunctionScriptingTraits (0ms)
		AnalyzeDomain (21ms)
			TypeCache.Refresh (9ms)
				TypeCache.ScanAssembly (0ms)
			ScanForSourceGeneratedMonoScriptInfo (0ms)
			ResolveRequiredComponents (11ms)
	FinalizeReload (1739ms)
		ReleaseScriptCaches (0ms)
		RebuildScriptCaches (0ms)
		SetupLoadedEditorAssemblies (482ms)
			LogAssemblyErrors (0ms)
			InitializePlatformSupportModulesInManaged (6ms)
			SetLoadedEditorAssemblies (5ms)
			RefreshPlugins (0ms)
			BeforeProcessingInitializeOnLoad (76ms)
			ProcessInitializeOnLoadAttributes (318ms)
			ProcessInitializeOnLoadMethodAttributes (72ms)
			AfterProcessingInitializeOnLoad (6ms)
			EditorAssembliesLoaded (0ms)
		ExecutionOrderSort2 (0ms)
		AwakeInstancesAfterBackupRestoration (9ms)
Refreshing native plugins compatible for Editor in 4.10 ms, found 3 plugins.
Preloading 0 native plugins for Editor in 0.00 ms.
Unloading 5276 Unused Serialized files (Serialized files now loaded: 0)
Unloading 21 unused Assets / (378.2 KB). Loaded Objects now: 5955.
Memory consumption went from 197.0 MB to 196.6 MB.
Total: 3.419300 ms (FindLiveObjects: 0.430700 ms CreateObjectMapping: 0.296700 ms MarkObjects: 2.480700 ms  DeleteObjects: 0.210400 ms)

Prepare: number of updated asset objects reloaded= 0
AssetImportParameters requested are different than current active one (requested -> active):
  custom:container-demuxer-ogg: 62fdf1f143b41e24485cea50d1cbac27 -> 
  custom:video-codec-MediaFoundation-h265: 746d11721c4dcdbdad8f713fa42b33f4 -> 
  custom:video-decoder-ogg-theora: a1e56fd34408186e4bbccfd4996cb3dc -> 
  custom:framework-win-MediaFoundation: 216162199b28c13a410421893ffa2e32 -> 
  custom:scripting/monoscript/fileName/NewBehaviourScript.cs: b21687ddb03d73bd9f0c1daecb9714de -> 
  custom:scripting/monoscript/fileName/OutlineScript.cs: ec7ee53869f629e80e8d4ee8c617d67f -> b21687ddb03d73bd9f0c1daecb9714de
  custom:CustomObjectIndexerAttribute: 72b91833f83ae208fae7752999fa3104 -> 
  custom:container-demuxer-webm: 4f35f7cbe854078d1ac9338744f61a02 -> 
  custom:container-muxer-webm: aa71ff27fc2769a1b78a27578f13a17b -> 
  custom:video-decoder-webm-vp8: 9c59270c3fd7afecdb556c50c9e8de78 -> 
  custom:SearchIndexIgnoredProperties: e643bd26f0fe6173181afceb89e7c659 -> 
  custom:AudioImporter_EditorPlatform: d09bf68614088b80899f8185d706f6e7 -> 
  custom:video-encoder-webm-vp8: eb34c28f22e8b96e1ab97ce403110664 -> 
  custom:audio-decoder-ogg-vorbis: bf7c407c2cedff20999df2af8eb42d56 -> 
  custom:audio-encoder-webm-vorbis: bf7c407c2cedff20999df2af8eb42d56 -> 
  custom:scripting/precompiled-assembly-types:Assembly-CSharp: 9f349353702f91dd09a128316907a48b -> 6e9e464f42dfc3fadf6e4feddb34fcc2
========================================================================
Received Import Request.
  Time since last request: 57672.647808 seconds.
  path: Assets/materialsrendering/red.mat
  artifactKey: Guid(86906e66949a48845af50743bed82177) Importer(815301076,1909f56bfc062723c751e8b465ee728b)
Start importing Assets/materialsrendering/red.mat using Guid(86906e66949a48845af50743bed82177) Importer(815301076,1909f56bfc062723c751e8b465ee728b) [PhysX] Initialized MultithreadedTaskDispatcher with 12 workers.
[PhysX] Initialized MultithreadedTaskDispatcher with 12 workers.
 -> (artifact id: '8be3ba94a8198e09721151224e17a832') in 0.391838 seconds
Number of updated asset objects reloaded before import = 0
Number of asset objects unloaded after import = 21
========================================================================
Received Import Request.
  Time since last request: 743.887641 seconds.
  path: Assets/Physics/Player.physicMaterial
  artifactKey: Guid(fe7fcaa3fdf72b24795822bd22998a20) Importer(815301076,1909f56bfc062723c751e8b465ee728b)
Start importing Assets/Physics/Player.physicMaterial using Guid(fe7fcaa3fdf72b24795822bd22998a20) Importer(815301076,1909f56bfc062723c751e8b465ee728b) [PhysX] Initialized MultithreadedTaskDispatcher with 12 workers.
 -> (artifact id: 'c348594d138e31fbed7c6ef81033de52') in 0.002520 seconds
Number of updated asset objects reloaded before import = 0
Number of asset objects unloaded after import = 1
========================================================================
Received Import Request.
  Time since last request: 0.324723 seconds.
  path: Assets/Models/Wall Run.prefab
  artifactKey: Guid(30ce8ac4f9ea37f46a5af7ceeddcfed7) Importer(815301076,1909f56bfc062723c751e8b465ee728b)
Start importing Assets/Models/Wall Run.prefab using Guid(30ce8ac4f9ea37f46a5af7ceeddcfed7) Importer(815301076,1909f56bfc062723c751e8b465ee728b) [PhysX] Initialized MultithreadedTaskDispatcher with 12 workers.
[PhysX] Initialized MultithreadedTaskDispatcher with 12 workers.
 -> (artifact id: 'c8211d4dcdf8e51608701983a0e43f39') in 0.079901 seconds
Number of updated asset objects reloaded before import = 0
Number of asset objects unloaded after import = 9
========================================================================
Received Import Request.
  Time since last request: 739.658418 seconds.
  path: Assets/Sounds/jump_land.wav
  artifactKey: Guid(eb5538ba5937f634588a35283b5d8211) Importer(815301076,1909f56bfc062723c751e8b465ee728b)
Start importing Assets/Sounds/jump_land.wav using Guid(eb5538ba5937f634588a35283b5d8211) Importer(815301076,1909f56bfc062723c751e8b465ee728b) [PhysX] Initialized MultithreadedTaskDispatcher with 12 workers.
[PhysX] Initialized MultithreadedTaskDispatcher with 12 workers.
 -> (artifact id: '8eb6acc35f9302c66ad6521ef6e69139') in 0.238317 seconds
Number of updated asset objects reloaded before import = 0
Number of asset objects unloaded after import = 2
========================================================================
Received Import Request.
  Time since last request: 0.000141 seconds.
  path: Assets/Sounds/sliding.wav
  artifactKey: Guid(38d948eef0c18c0408c334549f66d223) Importer(815301076,1909f56bfc062723c751e8b465ee728b)
Start importing Assets/Sounds/sliding.wav using Guid(38d948eef0c18c0408c334549f66d223) Importer(815301076,1909f56bfc062723c751e8b465ee728b) [PhysX] Initialized MultithreadedTaskDispatcher with 12 workers.
[PhysX] Initialized MultithreadedTaskDispatcher with 12 workers.
 -> (artifact id: 'eb1cc44dde23e960c82eaa68c679b642') in 0.017857 seconds
Number of updated asset objects reloaded before import = 0
Number of asset objects unloaded after import = 2
Editor requested this worker to shutdown with reason: Scaling down because of idle timeout
TcpMessagingSession - receive error: operation aborted. errorcode: 995, details: The I/O operation has been aborted because of either a thread exit or an application request.
AssetImportWorker is now disconnected from the server
Process exiting
Exiting without the bug reporter. Application will terminate with return code 0