Using pre-set license
Built from '2022.3/staging' branch; Version is '2022.3.51f1 (9f9d16c45e54) revision 10460438'; Using compiler version '192829333'; Build Type 'Release'
OS: 'Windows 11  (10.0.22631) 64bit Education' Language: 'en' Physical Memory: 7861 MB
BatchMode: 1, IsHumanControllingUs: 0, StartBugReporterOnCrash: 0, Is64bit: 1, IsPro: 1

COMMAND LINE ARGUMENTS:
C:\Program Files\Unity\Hub\Editor\2022.3.51f1\Editor\Unity.exe
-adb2
-batchMode
-noUpm
-name
AssetImportWorker3
-projectPath
C:/Users/sam.hamer/Downloads/MH2Files/motionhanging2/mh2 new movement
-logFile
Logs/AssetImportWorker3.log
-srvPort
65073
Successfully changed project path to: C:/Users/sam.hamer/Downloads/MH2Files/motionhanging2/mh2 new movement
C:/Users/sam.hamer/Downloads/MH2Files/motionhanging2/mh2 new movement
[UnityMemory] Configuration Parameters - Can be set up in boot.config
    "memorysetup-bucket-allocator-granularity=16"
    "memorysetup-bucket-allocator-bucket-count=8"
    "memorysetup-bucket-allocator-block-size=33554432"
    "memorysetup-bucket-allocator-block-count=8"
    "memorysetup-main-allocator-block-size=16777216"
    "memorysetup-thread-allocator-block-size=16777216"
    "memorysetup-gfx-main-allocator-block-size=16777216"
    "memorysetup-gfx-thread-allocator-block-size=16777216"
    "memorysetup-cache-allocator-block-size=4194304"
    "memorysetup-typetree-allocator-block-size=2097152"
    "memorysetup-profiler-bucket-allocator-granularity=16"
    "memorysetup-profiler-bucket-allocator-bucket-count=8"
    "memorysetup-profiler-bucket-allocator-block-size=33554432"
    "memorysetup-profiler-bucket-allocator-block-count=8"
    "memorysetup-profiler-allocator-block-size=16777216"
    "memorysetup-profiler-editor-allocator-block-size=1048576"
    "memorysetup-temp-allocator-size-main=16777216"
    "memorysetup-job-temp-allocator-block-size=2097152"
    "memorysetup-job-temp-allocator-block-size-background=1048576"
    "memorysetup-job-temp-allocator-reduction-small-platforms=262144"
    "memorysetup-allocator-temp-initial-block-size-main=262144"
    "memorysetup-allocator-temp-initial-block-size-worker=262144"
    "memorysetup-temp-allocator-size-background-worker=32768"
    "memorysetup-temp-allocator-size-job-worker=262144"
    "memorysetup-temp-allocator-size-preload-manager=33554432"
    "memorysetup-temp-allocator-size-nav-mesh-worker=65536"
    "memorysetup-temp-allocator-size-audio-worker=65536"
    "memorysetup-temp-allocator-size-cloud-worker=32768"
    "memorysetup-temp-allocator-size-gi-baking-worker=262144"
    "memorysetup-temp-allocator-size-gfx=262144"
Player connection [9592]  Target information:

Player connection [9592]  * "[IP] 10.222.192.246 [Port] 0 [Flags] 2 [Guid] 2459534377 [EditorId] 2459534377 [Version] 1048832 [Id] WindowsEditor(7,Z4CE244CT3B) [Debug] 1 [PackageName] WindowsEditor [ProjectName] Editor" 

Player connection [9592] Host joined multi-casting on [225.0.0.222:54997]...
Player connection [9592] Host joined alternative multi-casting on [225.0.0.222:34997]...
[PhysX] Initialized MultithreadedTaskDispatcher with 12 workers.
Refreshing native plugins compatible for Editor in 16.62 ms, found 3 plugins.
Preloading 0 native plugins for Editor in 0.00 ms.
Initialize engine version: 2022.3.51f1 (9f9d16c45e54)
[Subsystems] Discovering subsystems at path C:/Program Files/Unity/Hub/Editor/2022.3.51f1/Editor/Data/Resources/UnitySubsystems
[Subsystems] Discovering subsystems at path C:/Users/sam.hamer/Downloads/MH2Files/motionhanging2/mh2 new movement/Assets
GfxDevice: creating device client; threaded=0; jobified=0
Direct3D:
    Version:  Direct3D 11.0 [level 11.1]
    Renderer: NVIDIA T400 4GB (ID=0x1ff2)
    Vendor:   NVIDIA
    VRAM:     3956 MB
    Driver:   31.0.15.3141
Initialize mono
Mono path[0] = 'C:/Program Files/Unity/Hub/Editor/2022.3.51f1/Editor/Data/Managed'
Mono path[1] = 'C:/Program Files/Unity/Hub/Editor/2022.3.51f1/Editor/Data/MonoBleedingEdge/lib/mono/unityjit-win32'
Mono config path = 'C:/Program Files/Unity/Hub/Editor/2022.3.51f1/Editor/Data/MonoBleedingEdge/etc'
Using monoOptions --debugger-agent=transport=dt_socket,embedding=1,server=y,suspend=n,address=127.0.0.1:56488
Begin MonoManager ReloadAssembly
Registering precompiled unity dll's ...
Register platform support module: C:/Program Files/Unity/Hub/Editor/2022.3.51f1/Editor/Data/PlaybackEngines/WindowsStandaloneSupport/UnityEditor.WindowsStandalone.Extensions.dll
Registered in 0.005607 seconds.
- Loaded All Assemblies, in  0.308 seconds
Native extension for WindowsStandalone target not found
Mono: successfully reloaded assembly
- Finished resetting the current domain, in  0.209 seconds
Domain Reload Profiling: 516ms
	BeginReloadAssembly (110ms)
		ExecutionOrderSort (0ms)
		DisableScriptedObjects (0ms)
		BackupInstance (0ms)
		ReleaseScriptingObjects (0ms)
		CreateAndSetChildDomain (1ms)
	RebuildCommonClasses (30ms)
	RebuildNativeTypeToScriptingClass (10ms)
	initialDomainReloadingComplete (54ms)
	LoadAllAssembliesAndSetupDomain (103ms)
		LoadAssemblies (108ms)
		RebuildTransferFunctionScriptingTraits (0ms)
		AnalyzeDomain (101ms)
			TypeCache.Refresh (100ms)
				TypeCache.ScanAssembly (89ms)
			ScanForSourceGeneratedMonoScriptInfo (0ms)
			ResolveRequiredComponents (1ms)
	FinalizeReload (209ms)
		ReleaseScriptCaches (0ms)
		RebuildScriptCaches (0ms)
		SetupLoadedEditorAssemblies (174ms)
			LogAssemblyErrors (0ms)
			InitializePlatformSupportModulesInManaged (7ms)
			SetLoadedEditorAssemblies (6ms)
			RefreshPlugins (0ms)
			BeforeProcessingInitializeOnLoad (2ms)
			ProcessInitializeOnLoadAttributes (122ms)
			ProcessInitializeOnLoadMethodAttributes (36ms)
			AfterProcessingInitializeOnLoad (0ms)
			EditorAssembliesLoaded (0ms)
		ExecutionOrderSort2 (0ms)
		AwakeInstancesAfterBackupRestoration (0ms)
========================================================================
Worker process is ready to serve import requests
Caller must complete domain reload
Begin MonoManager ReloadAssembly
Symbol file data-0000011607D956A0 doesn't match image C:\Users\sam.hamer\Downloads\MH2Files\motionhanging2\mh2 new movement\Library\ScriptAssemblies\Unity.EditorCoroutines.Editor.dll
Symbol file LoadedFromMemory is not a mono symbol file
Symbol file data-0000011607D9AEB0 doesn't match image C:\Users\sam.hamer\Downloads\MH2Files\motionhanging2\mh2 new movement\Library\ScriptAssemblies\Unity.AI.Navigation.dll
Symbol file LoadedFromMemory is not a mono symbol file
Symbol file data-0000011607D9AEB0 doesn't match image C:\Users\sam.hamer\Downloads\MH2Files\motionhanging2\mh2 new movement\Library\ScriptAssemblies\Unity.ProBuilder.Stl.dll
Symbol file LoadedFromMemory is not a mono symbol file
Symbol file data-0000011608648060 doesn't match image C:\Users\sam.hamer\Downloads\MH2Files\motionhanging2\mh2 new movement\Library\ScriptAssemblies\Unity.ProBuilder.dll
Symbol file LoadedFromMemory is not a mono symbol file
Symbol file data-0000011609C24020 doesn't match image C:\Users\sam.hamer\Downloads\MH2Files\motionhanging2\mh2 new movement\Library\ScriptAssemblies\Unity.Timeline.Editor.dll
Symbol file LoadedFromMemory is not a mono symbol file
Symbol file data-0000011607D9AEB0 doesn't match image C:\Users\sam.hamer\Downloads\MH2Files\motionhanging2\mh2 new movement\Library\ScriptAssemblies\Unity.VisualScripting.Shared.Editor.dll
Symbol file LoadedFromMemory is not a mono symbol file
Symbol file data-00000115C3E8B160 doesn't match image C:\Users\sam.hamer\Downloads\MH2Files\motionhanging2\mh2 new movement\Library\ScriptAssemblies\Unity.VisualStudio.Editor.dll
Symbol file LoadedFromMemory is not a mono symbol file
Symbol file data-0000011607D9AEB0 doesn't match image C:\Users\sam.hamer\Downloads\MH2Files\motionhanging2\mh2 new movement\Library\ScriptAssemblies\UnityEditor.UI.dll
Symbol file LoadedFromMemory is not a mono symbol file
Symbol file data-0000011609C24020 doesn't match image C:\Users\sam.hamer\Downloads\MH2Files\motionhanging2\mh2 new movement\Library\ScriptAssemblies\Unity.VisualScripting.Core.dll
Symbol file LoadedFromMemory is not a mono symbol file
Symbol file data-0000011609C24020 doesn't match image C:\Users\sam.hamer\Downloads\MH2Files\motionhanging2\mh2 new movement\Library\ScriptAssemblies\Unity.VisualScripting.Core.Editor.dll
Symbol file LoadedFromMemory is not a mono symbol file
Symbol file data-0000011607F89C40 doesn't match image C:\Users\sam.hamer\Downloads\MH2Files\motionhanging2\mh2 new movement\Library\ScriptAssemblies\Unity.Rider.Editor.dll
Symbol file LoadedFromMemory is not a mono symbol file
Symbol file data-0000011609921260 doesn't match image C:\Users\sam.hamer\Downloads\MH2Files\motionhanging2\mh2 new movement\Library\ScriptAssemblies\Unity.ProBuilder.AddOns.Editor.dll
Symbol file LoadedFromMemory is not a mono symbol file
Symbol file data-0000011608648060 doesn't match image C:\Users\sam.hamer\Downloads\MH2Files\motionhanging2\mh2 new movement\Library\ScriptAssemblies\UnityEngine.UI.dll
Symbol file LoadedFromMemory is not a mono symbol file
Symbol file data-00000115C3EA2F70 doesn't match image C:\Users\sam.hamer\Downloads\MH2Files\motionhanging2\mh2 new movement\Library\ScriptAssemblies\Unity.ProBuilder.Csg.dll
Symbol file LoadedFromMemory is not a mono symbol file
Symbol file data-00000115C3F6F220 doesn't match image C:\Users\sam.hamer\Downloads\MH2Files\motionhanging2\mh2 new movement\Library\ScriptAssemblies\Unity.VisualScripting.Flow.dll
Symbol file LoadedFromMemory is not a mono symbol file
Symbol file data-00000115C3F6F220 doesn't match image C:\Users\sam.hamer\Downloads\MH2Files\motionhanging2\mh2 new movement\Library\ScriptAssemblies\Unity.VisualScripting.Flow.Editor.dll
Symbol file LoadedFromMemory is not a mono symbol file
Symbol file data-0000011607CABDD0 doesn't match image C:\Users\sam.hamer\Downloads\MH2Files\motionhanging2\mh2 new movement\Library\ScriptAssemblies\Unity.Timeline.dll
Symbol file LoadedFromMemory is not a mono symbol file
Symbol file data-00000115C3F9B040 doesn't match image C:\Users\sam.hamer\Downloads\MH2Files\motionhanging2\mh2 new movement\Library\ScriptAssemblies\Unity.TestTools.CodeCoverage.Editor.OpenCover.Mono.Reflection.dll
Symbol file LoadedFromMemory is not a mono symbol file
Symbol file data-0000011607CABDD0 doesn't match image C:\Users\sam.hamer\Downloads\MH2Files\motionhanging2\mh2 new movement\Library\ScriptAssemblies\Unity.ProBuilder.Editor.dll
Symbol file LoadedFromMemory is not a mono symbol file
Symbol file data-0000011607CABDD0 doesn't match image C:\Users\sam.hamer\Downloads\MH2Files\motionhanging2\mh2 new movement\Library\ScriptAssemblies\Unity.VisualScripting.SettingsProvider.Editor.dll
Symbol file LoadedFromMemory is not a mono symbol file
Symbol file data-0000011609436620 doesn't match image C:\Users\sam.hamer\Downloads\MH2Files\motionhanging2\mh2 new movement\Library\ScriptAssemblies\Unity.Performance.Profile-Analyzer.Editor.dll
Symbol file LoadedFromMemory is not a mono symbol file
Symbol file data-0000011609457830 doesn't match image C:\Users\sam.hamer\Downloads\MH2Files\motionhanging2\mh2 new movement\Library\ScriptAssemblies\Unity.TestTools.CodeCoverage.Editor.dll
Symbol file LoadedFromMemory is not a mono symbol file
Symbol file data-000001160945E240 doesn't match image C:\Users\sam.hamer\Downloads\MH2Files\motionhanging2\mh2 new movement\Library\ScriptAssemblies\Unity.TestTools.CodeCoverage.Editor.OpenCover.Model.dll
Symbol file LoadedFromMemory is not a mono symbol file
Symbol file data-0000011609A2F850 doesn't match image C:\Users\sam.hamer\Downloads\MH2Files\motionhanging2\mh2 new movement\Library\ScriptAssemblies\Unity.PlasticSCM.Editor.dll
Symbol file LoadedFromMemory is not a mono symbol file
Symbol file data-000001160945E240 doesn't match image C:\Users\sam.hamer\Downloads\MH2Files\motionhanging2\mh2 new movement\Library\ScriptAssemblies\Unity.AI.Navigation.Updater.dll
Symbol file LoadedFromMemory is not a mono symbol file
Symbol file data-0000011609467E50 doesn't match image C:\Users\sam.hamer\Downloads\MH2Files\motionhanging2\mh2 new movement\Library\ScriptAssemblies\Unity.ProBuilder.Poly2Tri.dll
Symbol file LoadedFromMemory is not a mono symbol file
Symbol file data-0000011609A68E70 doesn't match image C:\Users\sam.hamer\Downloads\MH2Files\motionhanging2\mh2 new movement\Library\ScriptAssemblies\Unity.VisualScripting.State.Editor.dll
Symbol file LoadedFromMemory is not a mono symbol file
Symbol file data-0000011609A68E70 doesn't match image C:\Users\sam.hamer\Downloads\MH2Files\motionhanging2\mh2 new movement\Library\ScriptAssemblies\Unity.Settings.Editor.dll
Symbol file LoadedFromMemory is not a mono symbol file
Symbol file data-0000011609A82820 doesn't match image C:\Users\sam.hamer\Downloads\MH2Files\motionhanging2\mh2 new movement\Library\ScriptAssemblies\Unity.ProBuilder.KdTree.dll
Symbol file LoadedFromMemory is not a mono symbol file
Symbol file data-0000011609A86830 doesn't match image C:\Users\sam.hamer\Downloads\MH2Files\motionhanging2\mh2 new movement\Library\ScriptAssemblies\Unity.CollabProxy.Editor.dll
Symbol file LoadedFromMemory is not a mono symbol file
Symbol file data-00000115C4165D80 doesn't match image C:\Users\sam.hamer\Downloads\MH2Files\motionhanging2\mh2 new movement\Library\ScriptAssemblies\Unity.TextMeshPro.dll
Symbol file LoadedFromMemory is not a mono symbol file
Symbol file data-00000115C419E790 doesn't match image C:\Users\sam.hamer\Downloads\MH2Files\motionhanging2\mh2 new movement\Library\ScriptAssemblies\Unity.TextMeshPro.Editor.dll
Symbol file LoadedFromMemory is not a mono symbol file
Symbol file data-00000115C41BA430 doesn't match image C:\Users\sam.hamer\Downloads\MH2Files\motionhanging2\mh2 new movement\Library\ScriptAssemblies\Unity.AI.Navigation.Editor.dll
Symbol file LoadedFromMemory is not a mono symbol file
Symbol file data-00000115C41C3640 doesn't match image C:\Users\sam.hamer\Downloads\MH2Files\motionhanging2\mh2 new movement\Library\ScriptAssemblies\Unity.ProBuilder.AssetIdRemapUtility.dll
Symbol file LoadedFromMemory is not a mono symbol file
Symbol file data-00000115C41C3640 doesn't match image C:\Users\sam.hamer\Downloads\MH2Files\motionhanging2\mh2 new movement\Library\ScriptAssemblies\Unity.VisualScripting.State.dll
Symbol file LoadedFromMemory is not a mono symbol file
Symbol file data-00000115C40D3B50 doesn't match image C:\Users\sam.hamer\Downloads\MH2Files\motionhanging2\mh2 new movement\Library\ScriptAssemblies\Unity.AI.Navigation.Editor.ConversionSystem.dll
Symbol file LoadedFromMemory is not a mono symbol file
Symbol file data-00000115C40D3B50 doesn't match image C:\Users\sam.hamer\Downloads\MH2Files\motionhanging2\mh2 new movement\Library\ScriptAssemblies\Unity.VSCode.Editor.dll
Symbol file LoadedFromMemory is not a mono symbol file
- Loaded All Assemblies, in  0.629 seconds
Native extension for WindowsStandalone target not found
Mono: successfully reloaded assembly
- Finished resetting the current domain, in  0.550 seconds
Domain Reload Profiling: 1179ms
	BeginReloadAssembly (130ms)
		ExecutionOrderSort (0ms)
		DisableScriptedObjects (5ms)
		BackupInstance (0ms)
		ReleaseScriptingObjects (0ms)
		CreateAndSetChildDomain (19ms)
	RebuildCommonClasses (25ms)
	RebuildNativeTypeToScriptingClass (7ms)
	initialDomainReloadingComplete (31ms)
	LoadAllAssembliesAndSetupDomain (435ms)
		LoadAssemblies (318ms)
		RebuildTransferFunctionScriptingTraits (0ms)
		AnalyzeDomain (190ms)
			TypeCache.Refresh (162ms)
				TypeCache.ScanAssembly (147ms)
			ScanForSourceGeneratedMonoScriptInfo (19ms)
			ResolveRequiredComponents (7ms)
	FinalizeReload (551ms)
		ReleaseScriptCaches (0ms)
		RebuildScriptCaches (0ms)
		SetupLoadedEditorAssemblies (431ms)
			LogAssemblyErrors (0ms)
			InitializePlatformSupportModulesInManaged (4ms)
			SetLoadedEditorAssemblies (4ms)
			RefreshPlugins (0ms)
			BeforeProcessingInitializeOnLoad (60ms)
			ProcessInitializeOnLoadAttributes (297ms)
			ProcessInitializeOnLoadMethodAttributes (62ms)
			AfterProcessingInitializeOnLoad (4ms)
			EditorAssembliesLoaded (0ms)
		ExecutionOrderSort2 (0ms)
		AwakeInstancesAfterBackupRestoration (6ms)
Launched and connected shader compiler UnityShaderCompiler.exe after 0.04 seconds
Refreshing native plugins compatible for Editor in 3.55 ms, found 3 plugins.
Preloading 0 native plugins for Editor in 0.00 ms.
Unloading 5459 Unused Serialized files (Serialized files now loaded: 0)
Unloading 26 unused Assets / (403.8 KB). Loaded Objects now: 5942.
Memory consumption went from 230.8 MB to 230.4 MB.
Total: 3.673300 ms (FindLiveObjects: 0.602500 ms CreateObjectMapping: 0.427400 ms MarkObjects: 2.424800 ms  DeleteObjects: 0.217700 ms)

AssetImportParameters requested are different than current active one (requested -> active):
  custom:container-demuxer-ogg: 62fdf1f143b41e24485cea50d1cbac27 -> 
  custom:video-codec-MediaFoundation-h265: 746d11721c4dcdbdad8f713fa42b33f4 -> 
  custom:video-decoder-ogg-theora: a1e56fd34408186e4bbccfd4996cb3dc -> 
  custom:framework-win-MediaFoundation: 216162199b28c13a410421893ffa2e32 -> 
  custom:CustomObjectIndexerAttribute: 72b91833f83ae208fae7752999fa3104 -> 
  custom:container-demuxer-webm: 4f35f7cbe854078d1ac9338744f61a02 -> 
  custom:container-muxer-webm: aa71ff27fc2769a1b78a27578f13a17b -> 
  custom:video-decoder-webm-vp8: 9c59270c3fd7afecdb556c50c9e8de78 -> 
  custom:SearchIndexIgnoredProperties: e643bd26f0fe6173181afceb89e7c659 -> 
  custom:AudioImporter_EditorPlatform: d09bf68614088b80899f8185d706f6e7 -> 
  custom:video-encoder-webm-vp8: eb34c28f22e8b96e1ab97ce403110664 -> 
  custom:audio-decoder-ogg-vorbis: bf7c407c2cedff20999df2af8eb42d56 -> 
  custom:audio-encoder-webm-vorbis: bf7c407c2cedff20999df2af8eb42d56 -> 
========================================================================
Received Prepare
Caller must complete domain reload
Begin MonoManager ReloadAssembly
Symbol file data-0000011615B384E0 doesn't match image C:\Users\sam.hamer\Downloads\MH2Files\motionhanging2\mh2 new movement\Library\ScriptAssemblies\Unity.EditorCoroutines.Editor.dll
Symbol file LoadedFromMemory is not a mono symbol file
Symbol file data-00000116142D6640 doesn't match image C:\Users\sam.hamer\Downloads\MH2Files\motionhanging2\mh2 new movement\Library\ScriptAssemblies\Unity.AI.Navigation.dll
Symbol file LoadedFromMemory is not a mono symbol file
Symbol file data-0000011613F3B450 doesn't match image C:\Users\sam.hamer\Downloads\MH2Files\motionhanging2\mh2 new movement\Library\ScriptAssemblies\Unity.ProBuilder.Stl.dll
Symbol file LoadedFromMemory is not a mono symbol file
Symbol file data-0000011614B66070 doesn't match image C:\Users\sam.hamer\Downloads\MH2Files\motionhanging2\mh2 new movement\Library\ScriptAssemblies\Unity.ProBuilder.dll
Symbol file LoadedFromMemory is not a mono symbol file
Symbol file data-00000116153D5020 doesn't match image C:\Users\sam.hamer\Downloads\MH2Files\motionhanging2\mh2 new movement\Library\ScriptAssemblies\Unity.Timeline.Editor.dll
Symbol file LoadedFromMemory is not a mono symbol file
Symbol file data-0000011613F3B450 doesn't match image C:\Users\sam.hamer\Downloads\MH2Files\motionhanging2\mh2 new movement\Library\ScriptAssemblies\Unity.VisualScripting.Shared.Editor.dll
Symbol file LoadedFromMemory is not a mono symbol file
Symbol file data-000001160A971010 doesn't match image C:\Users\sam.hamer\Downloads\MH2Files\motionhanging2\mh2 new movement\Library\ScriptAssemblies\Unity.VisualStudio.Editor.dll
Symbol file LoadedFromMemory is not a mono symbol file
Symbol file data-0000011613BCBC00 doesn't match image C:\Users\sam.hamer\Downloads\MH2Files\motionhanging2\mh2 new movement\Library\ScriptAssemblies\UnityEditor.UI.dll
Symbol file LoadedFromMemory is not a mono symbol file
Symbol file data-0000011614B66070 doesn't match image C:\Users\sam.hamer\Downloads\MH2Files\motionhanging2\mh2 new movement\Library\ScriptAssemblies\Unity.VisualScripting.Core.dll
Symbol file LoadedFromMemory is not a mono symbol file
Symbol file data-0000011607EAEDE0 doesn't match image C:\Users\sam.hamer\Downloads\MH2Files\motionhanging2\mh2 new movement\Library\ScriptAssemblies\Unity.VisualScripting.Core.Editor.dll
Symbol file LoadedFromMemory is not a mono symbol file
Symbol file data-000001160B13A830 doesn't match image C:\Users\sam.hamer\Downloads\MH2Files\motionhanging2\mh2 new movement\Library\ScriptAssemblies\Unity.Rider.Editor.dll
Symbol file LoadedFromMemory is not a mono symbol file
Symbol file data-0000011613F3B450 doesn't match image C:\Users\sam.hamer\Downloads\MH2Files\motionhanging2\mh2 new movement\Library\ScriptAssemblies\Unity.ProBuilder.AddOns.Editor.dll
Symbol file LoadedFromMemory is not a mono symbol file
Symbol file data-0000011607DB8010 doesn't match image C:\Users\sam.hamer\Downloads\MH2Files\motionhanging2\mh2 new movement\Library\ScriptAssemblies\UnityEngine.UI.dll
Symbol file LoadedFromMemory is not a mono symbol file
Symbol file data-0000011615B384E0 doesn't match image C:\Users\sam.hamer\Downloads\MH2Files\motionhanging2\mh2 new movement\Library\ScriptAssemblies\Unity.ProBuilder.Csg.dll
Symbol file LoadedFromMemory is not a mono symbol file
Symbol file data-0000011613AC0030 doesn't match image C:\Users\sam.hamer\Downloads\MH2Files\motionhanging2\mh2 new movement\Library\ScriptAssemblies\Unity.VisualScripting.Flow.dll
Symbol file LoadedFromMemory is not a mono symbol file
Symbol file data-00000115C3B2BAC0 doesn't match image C:\Users\sam.hamer\Downloads\MH2Files\motionhanging2\mh2 new movement\Library\ScriptAssemblies\Unity.VisualScripting.Flow.Editor.dll
Symbol file LoadedFromMemory is not a mono symbol file
Symbol file data-0000011613BEA030 doesn't match image C:\Users\sam.hamer\Downloads\MH2Files\motionhanging2\mh2 new movement\Library\ScriptAssemblies\Unity.Timeline.dll
Symbol file LoadedFromMemory is not a mono symbol file
Symbol file data-000001160B13A830 doesn't match image C:\Users\sam.hamer\Downloads\MH2Files\motionhanging2\mh2 new movement\Library\ScriptAssemblies\Unity.TestTools.CodeCoverage.Editor.OpenCover.Mono.Reflection.dll
Symbol file LoadedFromMemory is not a mono symbol file
Symbol file data-0000011613AC0030 doesn't match image C:\Users\sam.hamer\Downloads\MH2Files\motionhanging2\mh2 new movement\Library\ScriptAssemblies\Unity.ProBuilder.Editor.dll
Symbol file LoadedFromMemory is not a mono symbol file
Symbol file data-000001160B13F040 doesn't match image C:\Users\sam.hamer\Downloads\MH2Files\motionhanging2\mh2 new movement\Library\ScriptAssemblies\Unity.VisualScripting.SettingsProvider.Editor.dll
Symbol file LoadedFromMemory is not a mono symbol file
Symbol file data-00000115C3B2BAC0 doesn't match image C:\Users\sam.hamer\Downloads\MH2Files\motionhanging2\mh2 new movement\Library\ScriptAssemblies\Unity.Performance.Profile-Analyzer.Editor.dll
Symbol file LoadedFromMemory is not a mono symbol file
Symbol file data-000001160A971010 doesn't match image C:\Users\sam.hamer\Downloads\MH2Files\motionhanging2\mh2 new movement\Library\ScriptAssemblies\Unity.TestTools.CodeCoverage.Editor.dll
Symbol file LoadedFromMemory is not a mono symbol file
Symbol file data-0000011613F81640 doesn't match image C:\Users\sam.hamer\Downloads\MH2Files\motionhanging2\mh2 new movement\Library\ScriptAssemblies\Unity.TestTools.CodeCoverage.Editor.OpenCover.Model.dll
Symbol file LoadedFromMemory is not a mono symbol file
Symbol file data-00000116153D5020 doesn't match image C:\Users\sam.hamer\Downloads\MH2Files\motionhanging2\mh2 new movement\Library\ScriptAssemblies\Unity.PlasticSCM.Editor.dll
Symbol file LoadedFromMemory is not a mono symbol file
Symbol file data-000001160B13F040 doesn't match image C:\Users\sam.hamer\Downloads\MH2Files\motionhanging2\mh2 new movement\Library\ScriptAssemblies\Unity.AI.Navigation.Updater.dll
Symbol file LoadedFromMemory is not a mono symbol file
Symbol file data-000001160ABD1370 doesn't match image C:\Users\sam.hamer\Downloads\MH2Files\motionhanging2\mh2 new movement\Library\ScriptAssemblies\Unity.ProBuilder.Poly2Tri.dll
Symbol file LoadedFromMemory is not a mono symbol file
Symbol file data-00000116079A7A90 doesn't match image C:\Users\sam.hamer\Downloads\MH2Files\motionhanging2\mh2 new movement\Library\ScriptAssemblies\Unity.VisualScripting.State.Editor.dll
Symbol file LoadedFromMemory is not a mono symbol file
Symbol file data-0000011608668E70 doesn't match image C:\Users\sam.hamer\Downloads\MH2Files\motionhanging2\mh2 new movement\Library\ScriptAssemblies\Unity.Settings.Editor.dll
Symbol file LoadedFromMemory is not a mono symbol file
Symbol file data-00000116079A7A90 doesn't match image C:\Users\sam.hamer\Downloads\MH2Files\motionhanging2\mh2 new movement\Library\ScriptAssemblies\Unity.ProBuilder.KdTree.dll
Symbol file LoadedFromMemory is not a mono symbol file
Symbol file data-00000116079A7A90 doesn't match image C:\Users\sam.hamer\Downloads\MH2Files\motionhanging2\mh2 new movement\Library\ScriptAssemblies\Unity.CollabProxy.Editor.dll
Symbol file LoadedFromMemory is not a mono symbol file
Symbol file data-00000116151FA020 doesn't match image C:\Users\sam.hamer\Downloads\MH2Files\motionhanging2\mh2 new movement\Library\ScriptAssemblies\Unity.TextMeshPro.dll
Symbol file LoadedFromMemory is not a mono symbol file
Symbol file data-0000011613BEA030 doesn't match image C:\Users\sam.hamer\Downloads\MH2Files\motionhanging2\mh2 new movement\Library\ScriptAssemblies\Unity.TextMeshPro.Editor.dll
Symbol file LoadedFromMemory is not a mono symbol file
Symbol file data-0000011613BCFE80 doesn't match image C:\Users\sam.hamer\Downloads\MH2Files\motionhanging2\mh2 new movement\Library\ScriptAssemblies\Unity.AI.Navigation.Editor.dll
Symbol file LoadedFromMemory is not a mono symbol file
Symbol file data-0000011613C12010 doesn't match image C:\Users\sam.hamer\Downloads\MH2Files\motionhanging2\mh2 new movement\Library\ScriptAssemblies\Unity.ProBuilder.AssetIdRemapUtility.dll
Symbol file LoadedFromMemory is not a mono symbol file
Symbol file data-0000011613C19E20 doesn't match image C:\Users\sam.hamer\Downloads\MH2Files\motionhanging2\mh2 new movement\Library\ScriptAssemblies\Unity.VisualScripting.State.dll
Symbol file LoadedFromMemory is not a mono symbol file
Symbol file data-0000011615B55020 doesn't match image C:\Users\sam.hamer\Downloads\MH2Files\motionhanging2\mh2 new movement\Library\ScriptAssemblies\Unity.AI.Navigation.Editor.ConversionSystem.dll
Symbol file LoadedFromMemory is not a mono symbol file
Symbol file data-0000011613BF5E40 doesn't match image C:\Users\sam.hamer\Downloads\MH2Files\motionhanging2\mh2 new movement\Library\ScriptAssemblies\Unity.VSCode.Editor.dll
Symbol file LoadedFromMemory is not a mono symbol file
- Loaded All Assemblies, in  2.777 seconds
Native extension for WindowsStandalone target not found
Mono: successfully reloaded assembly
- Finished resetting the current domain, in 21.566 seconds
Domain Reload Profiling: 24342ms
	BeginReloadAssembly (307ms)
		ExecutionOrderSort (0ms)
		DisableScriptedObjects (14ms)
		BackupInstance (0ms)
		ReleaseScriptingObjects (0ms)
		CreateAndSetChildDomain (78ms)
	RebuildCommonClasses (136ms)
	RebuildNativeTypeToScriptingClass (12ms)
	initialDomainReloadingComplete (30ms)
	LoadAllAssembliesAndSetupDomain (2290ms)
		LoadAssemblies (2390ms)
		RebuildTransferFunctionScriptingTraits (0ms)
		AnalyzeDomain (38ms)
			TypeCache.Refresh (20ms)
				TypeCache.ScanAssembly (0ms)
			ScanForSourceGeneratedMonoScriptInfo (0ms)
			ResolveRequiredComponents (16ms)
	FinalizeReload (21567ms)
		ReleaseScriptCaches (0ms)
		RebuildScriptCaches (0ms)
		SetupLoadedEditorAssemblies (408ms)
			LogAssemblyErrors (0ms)
			InitializePlatformSupportModulesInManaged (10ms)
			SetLoadedEditorAssemblies (5ms)
			RefreshPlugins (0ms)
			BeforeProcessingInitializeOnLoad (67ms)
			ProcessInitializeOnLoadAttributes (265ms)
			ProcessInitializeOnLoadMethodAttributes (58ms)
			AfterProcessingInitializeOnLoad (3ms)
			EditorAssembliesLoaded (1ms)
		ExecutionOrderSort2 (0ms)
		AwakeInstancesAfterBackupRestoration (9ms)
Refreshing native plugins compatible for Editor in 4.08 ms, found 3 plugins.
Preloading 0 native plugins for Editor in 0.00 ms.
Unloading 5275 Unused Serialized files (Serialized files now loaded: 0)
Unloading 21 unused Assets / (385.7 KB). Loaded Objects now: 5946.
Memory consumption went from 197.0 MB to 196.6 MB.
Total: 5.164600 ms (FindLiveObjects: 0.501500 ms CreateObjectMapping: 0.232500 ms MarkObjects: 3.819800 ms  DeleteObjects: 0.608700 ms)

Prepare: number of updated asset objects reloaded= 0
AssetImportParameters requested are different than current active one (requested -> active):
  custom:container-demuxer-ogg: 62fdf1f143b41e24485cea50d1cbac27 -> 
  custom:video-codec-MediaFoundation-h265: 746d11721c4dcdbdad8f713fa42b33f4 -> 
  custom:video-decoder-ogg-theora: a1e56fd34408186e4bbccfd4996cb3dc -> 
  custom:framework-win-MediaFoundation: 216162199b28c13a410421893ffa2e32 -> 
  custom:CustomObjectIndexerAttribute: 72b91833f83ae208fae7752999fa3104 -> 
  custom:container-demuxer-webm: 4f35f7cbe854078d1ac9338744f61a02 -> 
  custom:container-muxer-webm: aa71ff27fc2769a1b78a27578f13a17b -> 
  custom:video-decoder-webm-vp8: 9c59270c3fd7afecdb556c50c9e8de78 -> 
  custom:SearchIndexIgnoredProperties: e643bd26f0fe6173181afceb89e7c659 -> 
  custom:AudioImporter_EditorPlatform: d09bf68614088b80899f8185d706f6e7 -> 
  custom:video-encoder-webm-vp8: eb34c28f22e8b96e1ab97ce403110664 -> 
  custom:audio-decoder-ogg-vorbis: bf7c407c2cedff20999df2af8eb42d56 -> 
  custom:audio-encoder-webm-vorbis: bf7c407c2cedff20999df2af8eb42d56 -> 
========================================================================
Received Prepare
Caller must complete domain reload
Begin MonoManager ReloadAssembly
Symbol file data-0000011607AF4470 doesn't match image C:\Users\sam.hamer\Downloads\MH2Files\motionhanging2\mh2 new movement\Library\ScriptAssemblies\Unity.EditorCoroutines.Editor.dll
Symbol file LoadedFromMemory is not a mono symbol file
Symbol file data-00000115C3825F10 doesn't match image C:\Users\sam.hamer\Downloads\MH2Files\motionhanging2\mh2 new movement\Library\ScriptAssemblies\Unity.AI.Navigation.dll
Symbol file LoadedFromMemory is not a mono symbol file
Symbol file data-00000115C3825F10 doesn't match image C:\Users\sam.hamer\Downloads\MH2Files\motionhanging2\mh2 new movement\Library\ScriptAssemblies\Unity.ProBuilder.Stl.dll
Symbol file LoadedFromMemory is not a mono symbol file
Symbol file data-0000011658FEAE90 doesn't match image C:\Users\sam.hamer\Downloads\MH2Files\motionhanging2\mh2 new movement\Library\ScriptAssemblies\Unity.ProBuilder.dll
Symbol file LoadedFromMemory is not a mono symbol file
Symbol file data-00000116153D5020 doesn't match image C:\Users\sam.hamer\Downloads\MH2Files\motionhanging2\mh2 new movement\Library\ScriptAssemblies\Unity.Timeline.Editor.dll
Symbol file LoadedFromMemory is not a mono symbol file
Symbol file data-00000115C3825F10 doesn't match image C:\Users\sam.hamer\Downloads\MH2Files\motionhanging2\mh2 new movement\Library\ScriptAssemblies\Unity.VisualScripting.Shared.Editor.dll
Symbol file LoadedFromMemory is not a mono symbol file
Symbol file data-000001160A971010 doesn't match image C:\Users\sam.hamer\Downloads\MH2Files\motionhanging2\mh2 new movement\Library\ScriptAssemblies\Unity.VisualStudio.Editor.dll
Symbol file LoadedFromMemory is not a mono symbol file
Symbol file data-0000011615B55020 doesn't match image C:\Users\sam.hamer\Downloads\MH2Files\motionhanging2\mh2 new movement\Library\ScriptAssemblies\UnityEditor.UI.dll
Symbol file LoadedFromMemory is not a mono symbol file
Symbol file data-0000011614BBA020 doesn't match image C:\Users\sam.hamer\Downloads\MH2Files\motionhanging2\mh2 new movement\Library\ScriptAssemblies\Unity.VisualScripting.Core.dll
Symbol file LoadedFromMemory is not a mono symbol file
Symbol file data-0000011607EAEDE0 doesn't match image C:\Users\sam.hamer\Downloads\MH2Files\motionhanging2\mh2 new movement\Library\ScriptAssemblies\Unity.VisualScripting.Core.Editor.dll
Symbol file LoadedFromMemory is not a mono symbol file
Symbol file data-0000011615B55020 doesn't match image C:\Users\sam.hamer\Downloads\MH2Files\motionhanging2\mh2 new movement\Library\ScriptAssemblies\Unity.Rider.Editor.dll
Symbol file LoadedFromMemory is not a mono symbol file
Symbol file data-0000011614673830 doesn't match image C:\Users\sam.hamer\Downloads\MH2Files\motionhanging2\mh2 new movement\Library\ScriptAssemblies\Unity.ProBuilder.AddOns.Editor.dll
Symbol file LoadedFromMemory is not a mono symbol file
Symbol file data-00000115C3DF8020 doesn't match image C:\Users\sam.hamer\Downloads\MH2Files\motionhanging2\mh2 new movement\Library\ScriptAssemblies\UnityEngine.UI.dll
Symbol file LoadedFromMemory is not a mono symbol file
Symbol file data-00000115C3825F10 doesn't match image C:\Users\sam.hamer\Downloads\MH2Files\motionhanging2\mh2 new movement\Library\ScriptAssemblies\Unity.ProBuilder.Csg.dll
Symbol file LoadedFromMemory is not a mono symbol file
Symbol file data-0000011658FEAE90 doesn't match image C:\Users\sam.hamer\Downloads\MH2Files\motionhanging2\mh2 new movement\Library\ScriptAssemblies\Unity.VisualScripting.Flow.dll
Symbol file LoadedFromMemory is not a mono symbol file
Symbol file data-0000011613C78010 doesn't match image C:\Users\sam.hamer\Downloads\MH2Files\motionhanging2\mh2 new movement\Library\ScriptAssemblies\Unity.VisualScripting.Flow.Editor.dll
Symbol file LoadedFromMemory is not a mono symbol file
Symbol file data-000001160860BFF0 doesn't match image C:\Users\sam.hamer\Downloads\MH2Files\motionhanging2\mh2 new movement\Library\ScriptAssemblies\Unity.Timeline.dll
Symbol file LoadedFromMemory is not a mono symbol file
Symbol file data-0000011607F01BF0 doesn't match image C:\Users\sam.hamer\Downloads\MH2Files\motionhanging2\mh2 new movement\Library\ScriptAssemblies\Unity.TestTools.CodeCoverage.Editor.OpenCover.Mono.Reflection.dll
Symbol file LoadedFromMemory is not a mono symbol file
Symbol file data-000001160A4B6840 doesn't match image C:\Users\sam.hamer\Downloads\MH2Files\motionhanging2\mh2 new movement\Library\ScriptAssemblies\Unity.ProBuilder.Editor.dll
Symbol file LoadedFromMemory is not a mono symbol file
Symbol file data-0000011607F01BF0 doesn't match image C:\Users\sam.hamer\Downloads\MH2Files\motionhanging2\mh2 new movement\Library\ScriptAssemblies\Unity.VisualScripting.SettingsProvider.Editor.dll
Symbol file LoadedFromMemory is not a mono symbol file
Symbol file data-0000011613C78010 doesn't match image C:\Users\sam.hamer\Downloads\MH2Files\motionhanging2\mh2 new movement\Library\ScriptAssemblies\Unity.Performance.Profile-Analyzer.Editor.dll
Symbol file LoadedFromMemory is not a mono symbol file
Symbol file data-000001160A7EA180 doesn't match image C:\Users\sam.hamer\Downloads\MH2Files\motionhanging2\mh2 new movement\Library\ScriptAssemblies\Unity.TestTools.CodeCoverage.Editor.dll
Symbol file LoadedFromMemory is not a mono symbol file
Symbol file data-000001160ABD1370 doesn't match image C:\Users\sam.hamer\Downloads\MH2Files\motionhanging2\mh2 new movement\Library\ScriptAssemblies\Unity.TestTools.CodeCoverage.Editor.OpenCover.Model.dll
Symbol file LoadedFromMemory is not a mono symbol file
Symbol file data-00000116153D5020 doesn't match image C:\Users\sam.hamer\Downloads\MH2Files\motionhanging2\mh2 new movement\Library\ScriptAssemblies\Unity.PlasticSCM.Editor.dll
Symbol file LoadedFromMemory is not a mono symbol file
Symbol file data-0000011607F05E70 doesn't match image C:\Users\sam.hamer\Downloads\MH2Files\motionhanging2\mh2 new movement\Library\ScriptAssemblies\Unity.AI.Navigation.Updater.dll
Symbol file LoadedFromMemory is not a mono symbol file
Symbol file data-0000011613BCDA30 doesn't match image C:\Users\sam.hamer\Downloads\MH2Files\motionhanging2\mh2 new movement\Library\ScriptAssemblies\Unity.ProBuilder.Poly2Tri.dll
Symbol file LoadedFromMemory is not a mono symbol file
Symbol file data-0000011613BCDA30 doesn't match image C:\Users\sam.hamer\Downloads\MH2Files\motionhanging2\mh2 new movement\Library\ScriptAssemblies\Unity.VisualScripting.State.Editor.dll
Symbol file LoadedFromMemory is not a mono symbol file
Symbol file data-0000011607DD8E20 doesn't match image C:\Users\sam.hamer\Downloads\MH2Files\motionhanging2\mh2 new movement\Library\ScriptAssemblies\Unity.Settings.Editor.dll
Symbol file LoadedFromMemory is not a mono symbol file
Symbol file data-0000011615B55020 doesn't match image C:\Users\sam.hamer\Downloads\MH2Files\motionhanging2\mh2 new movement\Library\ScriptAssemblies\Unity.ProBuilder.KdTree.dll
Symbol file LoadedFromMemory is not a mono symbol file
Symbol file data-0000011615B55020 doesn't match image C:\Users\sam.hamer\Downloads\MH2Files\motionhanging2\mh2 new movement\Library\ScriptAssemblies\Unity.CollabProxy.Editor.dll
Symbol file LoadedFromMemory is not a mono symbol file
Symbol file data-0000011658FEAE90 doesn't match image C:\Users\sam.hamer\Downloads\MH2Files\motionhanging2\mh2 new movement\Library\ScriptAssemblies\Unity.TextMeshPro.dll
Symbol file LoadedFromMemory is not a mono symbol file
Symbol file data-0000011613BEA030 doesn't match image C:\Users\sam.hamer\Downloads\MH2Files\motionhanging2\mh2 new movement\Library\ScriptAssemblies\Unity.TextMeshPro.Editor.dll
Symbol file LoadedFromMemory is not a mono symbol file
Symbol file data-00000116079A9EE0 doesn't match image C:\Users\sam.hamer\Downloads\MH2Files\motionhanging2\mh2 new movement\Library\ScriptAssemblies\Unity.AI.Navigation.Editor.dll
Symbol file LoadedFromMemory is not a mono symbol file
Symbol file data-00000116079A9EE0 doesn't match image C:\Users\sam.hamer\Downloads\MH2Files\motionhanging2\mh2 new movement\Library\ScriptAssemblies\Unity.ProBuilder.AssetIdRemapUtility.dll
Symbol file LoadedFromMemory is not a mono symbol file
Symbol file data-00000116079A9EE0 doesn't match image C:\Users\sam.hamer\Downloads\MH2Files\motionhanging2\mh2 new movement\Library\ScriptAssemblies\Unity.VisualScripting.State.dll
Symbol file LoadedFromMemory is not a mono symbol file
Symbol file data-0000011613C12010 doesn't match image C:\Users\sam.hamer\Downloads\MH2Files\motionhanging2\mh2 new movement\Library\ScriptAssemblies\Unity.AI.Navigation.Editor.ConversionSystem.dll
Symbol file LoadedFromMemory is not a mono symbol file
Symbol file data-000001160937AC20 doesn't match image C:\Users\sam.hamer\Downloads\MH2Files\motionhanging2\mh2 new movement\Library\ScriptAssemblies\Unity.VSCode.Editor.dll
Symbol file LoadedFromMemory is not a mono symbol file
- Loaded All Assemblies, in  0.470 seconds
Native extension for WindowsStandalone target not found
Mono: successfully reloaded assembly
- Finished resetting the current domain, in  1.027 seconds
Domain Reload Profiling: 1495ms
	BeginReloadAssembly (151ms)
		ExecutionOrderSort (0ms)
		DisableScriptedObjects (5ms)
		BackupInstance (0ms)
		ReleaseScriptingObjects (0ms)
		CreateAndSetChildDomain (29ms)
	RebuildCommonClasses (36ms)
	RebuildNativeTypeToScriptingClass (9ms)
	initialDomainReloadingComplete (34ms)
	LoadAllAssembliesAndSetupDomain (237ms)
		LoadAssemblies (305ms)
		RebuildTransferFunctionScriptingTraits (0ms)
		AnalyzeDomain (18ms)
			TypeCache.Refresh (7ms)
				TypeCache.ScanAssembly (0ms)
			ScanForSourceGeneratedMonoScriptInfo (0ms)
			ResolveRequiredComponents (10ms)
	FinalizeReload (1028ms)
		ReleaseScriptCaches (0ms)
		RebuildScriptCaches (0ms)
		SetupLoadedEditorAssemblies (446ms)
			LogAssemblyErrors (0ms)
			InitializePlatformSupportModulesInManaged (4ms)
			SetLoadedEditorAssemblies (4ms)
			RefreshPlugins (0ms)
			BeforeProcessingInitializeOnLoad (75ms)
			ProcessInitializeOnLoadAttributes (294ms)
			ProcessInitializeOnLoadMethodAttributes (65ms)
			AfterProcessingInitializeOnLoad (4ms)
			EditorAssembliesLoaded (0ms)
		ExecutionOrderSort2 (0ms)
		AwakeInstancesAfterBackupRestoration (10ms)
Refreshing native plugins compatible for Editor in 3.31 ms, found 3 plugins.
Preloading 0 native plugins for Editor in 0.00 ms.
Unloading 5275 Unused Serialized files (Serialized files now loaded: 0)
Unloading 21 unused Assets / (369.8 KB). Loaded Objects now: 5950.
Memory consumption went from 197.5 MB to 197.2 MB.
Total: 4.687600 ms (FindLiveObjects: 0.512400 ms CreateObjectMapping: 0.593700 ms MarkObjects: 3.240500 ms  DeleteObjects: 0.338700 ms)

Prepare: number of updated asset objects reloaded= 0
AssetImportParameters requested are different than current active one (requested -> active):
  custom:container-demuxer-ogg: 62fdf1f143b41e24485cea50d1cbac27 -> 
  custom:video-codec-MediaFoundation-h265: 746d11721c4dcdbdad8f713fa42b33f4 -> 
  custom:video-decoder-ogg-theora: a1e56fd34408186e4bbccfd4996cb3dc -> 
  custom:framework-win-MediaFoundation: 216162199b28c13a410421893ffa2e32 -> 
  custom:CustomObjectIndexerAttribute: 72b91833f83ae208fae7752999fa3104 -> 
  custom:container-demuxer-webm: 4f35f7cbe854078d1ac9338744f61a02 -> 
  custom:container-muxer-webm: aa71ff27fc2769a1b78a27578f13a17b -> 
  custom:video-decoder-webm-vp8: 9c59270c3fd7afecdb556c50c9e8de78 -> 
  custom:SearchIndexIgnoredProperties: e643bd26f0fe6173181afceb89e7c659 -> 
  custom:AudioImporter_EditorPlatform: d09bf68614088b80899f8185d706f6e7 -> 
  custom:video-encoder-webm-vp8: eb34c28f22e8b96e1ab97ce403110664 -> 
  custom:audio-decoder-ogg-vorbis: bf7c407c2cedff20999df2af8eb42d56 -> 
  custom:audio-encoder-webm-vorbis: bf7c407c2cedff20999df2af8eb42d56 -> 
========================================================================
Received Prepare
Caller must complete domain reload
Begin MonoManager ReloadAssembly
Symbol file data-00000116144BA370 doesn't match image C:\Users\sam.hamer\Downloads\MH2Files\motionhanging2\mh2 new movement\Library\ScriptAssemblies\Unity.EditorCoroutines.Editor.dll
Symbol file LoadedFromMemory is not a mono symbol file
Symbol file data-0000011615E4B2E0 doesn't match image C:\Users\sam.hamer\Downloads\MH2Files\motionhanging2\mh2 new movement\Library\ScriptAssemblies\Unity.AI.Navigation.dll
Symbol file LoadedFromMemory is not a mono symbol file
Symbol file data-00000116166AB180 doesn't match image C:\Users\sam.hamer\Downloads\MH2Files\motionhanging2\mh2 new movement\Library\ScriptAssemblies\Unity.ProBuilder.Stl.dll
Symbol file LoadedFromMemory is not a mono symbol file
Symbol file data-00000116163276D0 doesn't match image C:\Users\sam.hamer\Downloads\MH2Files\motionhanging2\mh2 new movement\Library\ScriptAssemblies\Unity.ProBuilder.dll
Symbol file LoadedFromMemory is not a mono symbol file
Symbol file data-00000116160CF680 doesn't match image C:\Users\sam.hamer\Downloads\MH2Files\motionhanging2\mh2 new movement\Library\ScriptAssemblies\Unity.Timeline.Editor.dll
Symbol file LoadedFromMemory is not a mono symbol file
Symbol file data-00000116143EB040 doesn't match image C:\Users\sam.hamer\Downloads\MH2Files\motionhanging2\mh2 new movement\Library\ScriptAssemblies\Unity.VisualScripting.Shared.Editor.dll
Symbol file LoadedFromMemory is not a mono symbol file
Symbol file data-0000011608700020 doesn't match image C:\Users\sam.hamer\Downloads\MH2Files\motionhanging2\mh2 new movement\Library\ScriptAssemblies\Unity.VisualStudio.Editor.dll
Symbol file LoadedFromMemory is not a mono symbol file
Symbol file data-0000011616E68B70 doesn't match image C:\Users\sam.hamer\Downloads\MH2Files\motionhanging2\mh2 new movement\Library\ScriptAssemblies\UnityEditor.UI.dll
Symbol file LoadedFromMemory is not a mono symbol file
Symbol file data-00000115C40DD160 doesn't match image C:\Users\sam.hamer\Downloads\MH2Files\motionhanging2\mh2 new movement\Library\ScriptAssemblies\Unity.VisualScripting.Core.dll
Symbol file LoadedFromMemory is not a mono symbol file
Symbol file data-000001160881E010 doesn't match image C:\Users\sam.hamer\Downloads\MH2Files\motionhanging2\mh2 new movement\Library\ScriptAssemblies\Unity.VisualScripting.Core.Editor.dll
Symbol file LoadedFromMemory is not a mono symbol file
Symbol file data-0000011616746230 doesn't match image C:\Users\sam.hamer\Downloads\MH2Files\motionhanging2\mh2 new movement\Library\ScriptAssemblies\Unity.Rider.Editor.dll
Symbol file LoadedFromMemory is not a mono symbol file
Symbol file data-0000011615F84610 doesn't match image C:\Users\sam.hamer\Downloads\MH2Files\motionhanging2\mh2 new movement\Library\ScriptAssemblies\Unity.ProBuilder.AddOns.Editor.dll
Symbol file LoadedFromMemory is not a mono symbol file
Symbol file data-0000011614BBA020 doesn't match image C:\Users\sam.hamer\Downloads\MH2Files\motionhanging2\mh2 new movement\Library\ScriptAssemblies\UnityEngine.UI.dll
Symbol file LoadedFromMemory is not a mono symbol file
Symbol file data-0000011609735040 doesn't match image C:\Users\sam.hamer\Downloads\MH2Files\motionhanging2\mh2 new movement\Library\ScriptAssemblies\Unity.ProBuilder.Csg.dll
Symbol file LoadedFromMemory is not a mono symbol file
Symbol file data-00000116163276D0 doesn't match image C:\Users\sam.hamer\Downloads\MH2Files\motionhanging2\mh2 new movement\Library\ScriptAssemblies\Unity.VisualScripting.Flow.dll
Symbol file LoadedFromMemory is not a mono symbol file
Symbol file data-0000011609F77020 doesn't match image C:\Users\sam.hamer\Downloads\MH2Files\motionhanging2\mh2 new movement\Library\ScriptAssemblies\Unity.VisualScripting.Flow.Editor.dll
Symbol file LoadedFromMemory is not a mono symbol file
Symbol file data-000001160B3D7F80 doesn't match image C:\Users\sam.hamer\Downloads\MH2Files\motionhanging2\mh2 new movement\Library\ScriptAssemblies\Unity.Timeline.dll
Symbol file LoadedFromMemory is not a mono symbol file
Symbol file data-00000116166AB180 doesn't match image C:\Users\sam.hamer\Downloads\MH2Files\motionhanging2\mh2 new movement\Library\ScriptAssemblies\Unity.TestTools.CodeCoverage.Editor.OpenCover.Mono.Reflection.dll
Symbol file LoadedFromMemory is not a mono symbol file
Symbol file data-00000116134F0080 doesn't match image C:\Users\sam.hamer\Downloads\MH2Files\motionhanging2\mh2 new movement\Library\ScriptAssemblies\Unity.ProBuilder.Editor.dll
Symbol file LoadedFromMemory is not a mono symbol file
Symbol file data-0000011616BEF740 doesn't match image C:\Users\sam.hamer\Downloads\MH2Files\motionhanging2\mh2 new movement\Library\ScriptAssemblies\Unity.VisualScripting.SettingsProvider.Editor.dll
Symbol file LoadedFromMemory is not a mono symbol file
Symbol file data-000001160B3F0060 doesn't match image C:\Users\sam.hamer\Downloads\MH2Files\motionhanging2\mh2 new movement\Library\ScriptAssemblies\Unity.Performance.Profile-Analyzer.Editor.dll
Symbol file LoadedFromMemory is not a mono symbol file
Symbol file data-00000116081E3E20 doesn't match image C:\Users\sam.hamer\Downloads\MH2Files\motionhanging2\mh2 new movement\Library\ScriptAssemblies\Unity.TestTools.CodeCoverage.Editor.dll
Symbol file LoadedFromMemory is not a mono symbol file
Symbol file data-000001160873F4C0 doesn't match image C:\Users\sam.hamer\Downloads\MH2Files\motionhanging2\mh2 new movement\Library\ScriptAssemblies\Unity.TestTools.CodeCoverage.Editor.OpenCover.Model.dll
Symbol file LoadedFromMemory is not a mono symbol file
Symbol file data-0000011616AD2BF0 doesn't match image C:\Users\sam.hamer\Downloads\MH2Files\motionhanging2\mh2 new movement\Library\ScriptAssemblies\Unity.PlasticSCM.Editor.dll
Symbol file LoadedFromMemory is not a mono symbol file
Symbol file data-00000116143EB040 doesn't match image C:\Users\sam.hamer\Downloads\MH2Files\motionhanging2\mh2 new movement\Library\ScriptAssemblies\Unity.AI.Navigation.Updater.dll
Symbol file LoadedFromMemory is not a mono symbol file
Symbol file data-0000011616C619D0 doesn't match image C:\Users\sam.hamer\Downloads\MH2Files\motionhanging2\mh2 new movement\Library\ScriptAssemblies\Unity.ProBuilder.Poly2Tri.dll
Symbol file LoadedFromMemory is not a mono symbol file
Symbol file data-000001161578D010 doesn't match image C:\Users\sam.hamer\Downloads\MH2Files\motionhanging2\mh2 new movement\Library\ScriptAssemblies\Unity.VisualScripting.State.Editor.dll
Symbol file LoadedFromMemory is not a mono symbol file
Symbol file data-000001160ABD3770 doesn't match image C:\Users\sam.hamer\Downloads\MH2Files\motionhanging2\mh2 new movement\Library\ScriptAssemblies\Unity.Settings.Editor.dll
Symbol file LoadedFromMemory is not a mono symbol file
Symbol file data-0000011608605A70 doesn't match image C:\Users\sam.hamer\Downloads\MH2Files\motionhanging2\mh2 new movement\Library\ScriptAssemblies\Unity.ProBuilder.KdTree.dll
Symbol file LoadedFromMemory is not a mono symbol file
Symbol file data-0000011613BFB830 doesn't match image C:\Users\sam.hamer\Downloads\MH2Files\motionhanging2\mh2 new movement\Library\ScriptAssemblies\Unity.CollabProxy.Editor.dll
Symbol file LoadedFromMemory is not a mono symbol file
Symbol file data-00000116163276D0 doesn't match image C:\Users\sam.hamer\Downloads\MH2Files\motionhanging2\mh2 new movement\Library\ScriptAssemblies\Unity.TextMeshPro.dll
Symbol file LoadedFromMemory is not a mono symbol file
Symbol file data-0000011616E53210 doesn't match image C:\Users\sam.hamer\Downloads\MH2Files\motionhanging2\mh2 new movement\Library\ScriptAssemblies\Unity.TextMeshPro.Editor.dll
Symbol file LoadedFromMemory is not a mono symbol file
Symbol file data-0000011614E25350 doesn't match image C:\Users\sam.hamer\Downloads\MH2Files\motionhanging2\mh2 new movement\Library\ScriptAssemblies\Unity.AI.Navigation.Editor.dll
Symbol file LoadedFromMemory is not a mono symbol file
Symbol file data-000001160873F4C0 doesn't match image C:\Users\sam.hamer\Downloads\MH2Files\motionhanging2\mh2 new movement\Library\ScriptAssemblies\Unity.ProBuilder.AssetIdRemapUtility.dll
Symbol file LoadedFromMemory is not a mono symbol file
Symbol file data-0000011659512A30 doesn't match image C:\Users\sam.hamer\Downloads\MH2Files\motionhanging2\mh2 new movement\Library\ScriptAssemblies\Unity.VisualScripting.State.dll
Symbol file LoadedFromMemory is not a mono symbol file
Symbol file data-0000011609735040 doesn't match image C:\Users\sam.hamer\Downloads\MH2Files\motionhanging2\mh2 new movement\Library\ScriptAssemblies\Unity.AI.Navigation.Editor.ConversionSystem.dll
Symbol file LoadedFromMemory is not a mono symbol file
Symbol file data-0000011659512A30 doesn't match image C:\Users\sam.hamer\Downloads\MH2Files\motionhanging2\mh2 new movement\Library\ScriptAssemblies\Unity.VSCode.Editor.dll
Symbol file LoadedFromMemory is not a mono symbol file
- Loaded All Assemblies, in  0.446 seconds
Native extension for WindowsStandalone target not found
Mono: successfully reloaded assembly
- Finished resetting the current domain, in  1.038 seconds
Domain Reload Profiling: 1482ms
	BeginReloadAssembly (147ms)
		ExecutionOrderSort (0ms)
		DisableScriptedObjects (4ms)
		BackupInstance (0ms)
		ReleaseScriptingObjects (0ms)
		CreateAndSetChildDomain (36ms)
	RebuildCommonClasses (27ms)
	RebuildNativeTypeToScriptingClass (9ms)
	initialDomainReloadingComplete (24ms)
	LoadAllAssembliesAndSetupDomain (236ms)
		LoadAssemblies (290ms)
		RebuildTransferFunctionScriptingTraits (0ms)
		AnalyzeDomain (21ms)
			TypeCache.Refresh (10ms)
				TypeCache.ScanAssembly (0ms)
			ScanForSourceGeneratedMonoScriptInfo (0ms)
			ResolveRequiredComponents (10ms)
	FinalizeReload (1038ms)
		ReleaseScriptCaches (0ms)
		RebuildScriptCaches (0ms)
		SetupLoadedEditorAssemblies (448ms)
			LogAssemblyErrors (0ms)
			InitializePlatformSupportModulesInManaged (4ms)
			SetLoadedEditorAssemblies (5ms)
			RefreshPlugins (0ms)
			BeforeProcessingInitializeOnLoad (75ms)
			ProcessInitializeOnLoadAttributes (289ms)
			ProcessInitializeOnLoadMethodAttributes (70ms)
			AfterProcessingInitializeOnLoad (5ms)
			EditorAssembliesLoaded (0ms)
		ExecutionOrderSort2 (0ms)
		AwakeInstancesAfterBackupRestoration (10ms)
Refreshing native plugins compatible for Editor in 3.90 ms, found 3 plugins.
Preloading 0 native plugins for Editor in 0.00 ms.
Unloading 5275 Unused Serialized files (Serialized files now loaded: 0)
Unloading 21 unused Assets / (377.7 KB). Loaded Objects now: 5954.
Memory consumption went from 197.5 MB to 197.2 MB.
Total: 3.534400 ms (FindLiveObjects: 0.550500 ms CreateObjectMapping: 0.357200 ms MarkObjects: 2.424100 ms  DeleteObjects: 0.201500 ms)

Prepare: number of updated asset objects reloaded= 0
AssetImportParameters requested are different than current active one (requested -> active):
  custom:container-demuxer-ogg: 62fdf1f143b41e24485cea50d1cbac27 -> 
  custom:video-codec-MediaFoundation-h265: 746d11721c4dcdbdad8f713fa42b33f4 -> 
  custom:video-decoder-ogg-theora: a1e56fd34408186e4bbccfd4996cb3dc -> 
  custom:framework-win-MediaFoundation: 216162199b28c13a410421893ffa2e32 -> 
  custom:CustomObjectIndexerAttribute: 72b91833f83ae208fae7752999fa3104 -> 
  custom:container-demuxer-webm: 4f35f7cbe854078d1ac9338744f61a02 -> 
  custom:container-muxer-webm: aa71ff27fc2769a1b78a27578f13a17b -> 
  custom:video-decoder-webm-vp8: 9c59270c3fd7afecdb556c50c9e8de78 -> 
  custom:SearchIndexIgnoredProperties: e643bd26f0fe6173181afceb89e7c659 -> 
  custom:AudioImporter_EditorPlatform: d09bf68614088b80899f8185d706f6e7 -> 
  custom:video-encoder-webm-vp8: eb34c28f22e8b96e1ab97ce403110664 -> 
  custom:audio-decoder-ogg-vorbis: bf7c407c2cedff20999df2af8eb42d56 -> 
  custom:audio-encoder-webm-vorbis: bf7c407c2cedff20999df2af8eb42d56 -> 
========================================================================
Received Import Request.
  Time since last request: 1164875.670051 seconds.
  path: Assets/Settings/High_PipelineAsset_ForwardRenderer.asset
  artifactKey: Guid(cbf8f29208b7286459bc39d8539343eb) Importer(815301076,1909f56bfc062723c751e8b465ee728b)
Start importing Assets/Settings/High_PipelineAsset_ForwardRenderer.asset using Guid(cbf8f29208b7286459bc39d8539343eb) Importer(815301076,1909f56bfc062723c751e8b465ee728b) [PhysX] Initialized MultithreadedTaskDispatcher with 12 workers.
 -> (artifact id: '92b7434ffd03c37b9924d693ed307bd1') in 0.525598 seconds
Number of updated asset objects reloaded before import = 0
Number of asset objects unloaded after import = 1
========================================================================
Received Prepare
Caller must complete domain reload
Begin MonoManager ReloadAssembly
Symbol file data-0000011659243010 doesn't match image C:\Users\sam.hamer\Downloads\MH2Files\motionhanging2\mh2 new movement\Library\ScriptAssemblies\Unity.EditorCoroutines.Editor.dll
Symbol file LoadedFromMemory is not a mono symbol file
Symbol file data-0000011609249030 doesn't match image C:\Users\sam.hamer\Downloads\MH2Files\motionhanging2\mh2 new movement\Library\ScriptAssemblies\Unity.AI.Navigation.dll
Symbol file LoadedFromMemory is not a mono symbol file
Symbol file data-000001165A55F6B0 doesn't match image C:\Users\sam.hamer\Downloads\MH2Files\motionhanging2\mh2 new movement\Library\ScriptAssemblies\Unity.ProBuilder.Stl.dll
Symbol file LoadedFromMemory is not a mono symbol file
Symbol file data-00000116173C8010 doesn't match image C:\Users\sam.hamer\Downloads\MH2Files\motionhanging2\mh2 new movement\Library\ScriptAssemblies\Unity.ProBuilder.dll
Symbol file LoadedFromMemory is not a mono symbol file
Symbol file data-0000011609433010 doesn't match image C:\Users\sam.hamer\Downloads\MH2Files\motionhanging2\mh2 new movement\Library\ScriptAssemblies\Unity.Timeline.Editor.dll
Symbol file LoadedFromMemory is not a mono symbol file
Symbol file data-0000011659243010 doesn't match image C:\Users\sam.hamer\Downloads\MH2Files\motionhanging2\mh2 new movement\Library\ScriptAssemblies\Unity.VisualScripting.Shared.Editor.dll
Symbol file LoadedFromMemory is not a mono symbol file
Symbol file data-000001165B0C4FB0 doesn't match image C:\Users\sam.hamer\Downloads\MH2Files\motionhanging2\mh2 new movement\Library\ScriptAssemblies\Unity.VisualStudio.Editor.dll
Symbol file LoadedFromMemory is not a mono symbol file
Symbol file data-00000116137893A0 doesn't match image C:\Users\sam.hamer\Downloads\MH2Files\motionhanging2\mh2 new movement\Library\ScriptAssemblies\UnityEditor.UI.dll
Symbol file LoadedFromMemory is not a mono symbol file
Symbol file data-0000011617C4E030 doesn't match image C:\Users\sam.hamer\Downloads\MH2Files\motionhanging2\mh2 new movement\Library\ScriptAssemblies\Unity.VisualScripting.Core.dll
Symbol file LoadedFromMemory is not a mono symbol file
Symbol file data-000001160B1C9020 doesn't match image C:\Users\sam.hamer\Downloads\MH2Files\motionhanging2\mh2 new movement\Library\ScriptAssemblies\Unity.VisualScripting.Core.Editor.dll
Symbol file LoadedFromMemory is not a mono symbol file
Symbol file data-0000011616746230 doesn't match image C:\Users\sam.hamer\Downloads\MH2Files\motionhanging2\mh2 new movement\Library\ScriptAssemblies\Unity.Rider.Editor.dll
Symbol file LoadedFromMemory is not a mono symbol file
Symbol file data-0000011658AB2A50 doesn't match image C:\Users\sam.hamer\Downloads\MH2Files\motionhanging2\mh2 new movement\Library\ScriptAssemblies\Unity.ProBuilder.AddOns.Editor.dll
Symbol file LoadedFromMemory is not a mono symbol file
Symbol file data-00000115C3DF8020 doesn't match image C:\Users\sam.hamer\Downloads\MH2Files\motionhanging2\mh2 new movement\Library\ScriptAssemblies\UnityEngine.UI.dll
Symbol file LoadedFromMemory is not a mono symbol file
Symbol file data-0000011609249030 doesn't match image C:\Users\sam.hamer\Downloads\MH2Files\motionhanging2\mh2 new movement\Library\ScriptAssemblies\Unity.ProBuilder.Csg.dll
Symbol file LoadedFromMemory is not a mono symbol file
Symbol file data-000001165BA38020 doesn't match image C:\Users\sam.hamer\Downloads\MH2Files\motionhanging2\mh2 new movement\Library\ScriptAssemblies\Unity.VisualScripting.Flow.dll
Symbol file LoadedFromMemory is not a mono symbol file
Symbol file data-00000116143C5020 doesn't match image C:\Users\sam.hamer\Downloads\MH2Files\motionhanging2\mh2 new movement\Library\ScriptAssemblies\Unity.VisualScripting.Flow.Editor.dll
Symbol file LoadedFromMemory is not a mono symbol file
Symbol file data-000001160860BFF0 doesn't match image C:\Users\sam.hamer\Downloads\MH2Files\motionhanging2\mh2 new movement\Library\ScriptAssemblies\Unity.Timeline.dll
Symbol file LoadedFromMemory is not a mono symbol file
Symbol file data-000001165B9AF260 doesn't match image C:\Users\sam.hamer\Downloads\MH2Files\motionhanging2\mh2 new movement\Library\ScriptAssemblies\Unity.TestTools.CodeCoverage.Editor.OpenCover.Mono.Reflection.dll
Symbol file LoadedFromMemory is not a mono symbol file
Symbol file data-00000116134F0080 doesn't match image C:\Users\sam.hamer\Downloads\MH2Files\motionhanging2\mh2 new movement\Library\ScriptAssemblies\Unity.ProBuilder.Editor.dll
Symbol file LoadedFromMemory is not a mono symbol file
Symbol file data-0000011616BEF740 doesn't match image C:\Users\sam.hamer\Downloads\MH2Files\motionhanging2\mh2 new movement\Library\ScriptAssemblies\Unity.VisualScripting.SettingsProvider.Editor.dll
Symbol file LoadedFromMemory is not a mono symbol file
Symbol file data-00000116143C5020 doesn't match image C:\Users\sam.hamer\Downloads\MH2Files\motionhanging2\mh2 new movement\Library\ScriptAssemblies\Unity.Performance.Profile-Analyzer.Editor.dll
Symbol file LoadedFromMemory is not a mono symbol file
Symbol file data-00000116081E3E20 doesn't match image C:\Users\sam.hamer\Downloads\MH2Files\motionhanging2\mh2 new movement\Library\ScriptAssemblies\Unity.TestTools.CodeCoverage.Editor.dll
Symbol file LoadedFromMemory is not a mono symbol file
Symbol file data-00000116162FE9B0 doesn't match image C:\Users\sam.hamer\Downloads\MH2Files\motionhanging2\mh2 new movement\Library\ScriptAssemblies\Unity.TestTools.CodeCoverage.Editor.OpenCover.Model.dll
Symbol file LoadedFromMemory is not a mono symbol file
Symbol file data-00000116160CF680 doesn't match image C:\Users\sam.hamer\Downloads\MH2Files\motionhanging2\mh2 new movement\Library\ScriptAssemblies\Unity.PlasticSCM.Editor.dll
Symbol file LoadedFromMemory is not a mono symbol file
Symbol file data-000001165B9AF260 doesn't match image C:\Users\sam.hamer\Downloads\MH2Files\motionhanging2\mh2 new movement\Library\ScriptAssemblies\Unity.AI.Navigation.Updater.dll
Symbol file LoadedFromMemory is not a mono symbol file
Symbol file data-0000011617FF8860 doesn't match image C:\Users\sam.hamer\Downloads\MH2Files\motionhanging2\mh2 new movement\Library\ScriptAssemblies\Unity.ProBuilder.Poly2Tri.dll
Symbol file LoadedFromMemory is not a mono symbol file
Symbol file data-000001161578D010 doesn't match image C:\Users\sam.hamer\Downloads\MH2Files\motionhanging2\mh2 new movement\Library\ScriptAssemblies\Unity.VisualScripting.State.Editor.dll
Symbol file LoadedFromMemory is not a mono symbol file
Symbol file data-00000116162FE9B0 doesn't match image C:\Users\sam.hamer\Downloads\MH2Files\motionhanging2\mh2 new movement\Library\ScriptAssemblies\Unity.Settings.Editor.dll
Symbol file LoadedFromMemory is not a mono symbol file
Symbol file data-00000116162FE9B0 doesn't match image C:\Users\sam.hamer\Downloads\MH2Files\motionhanging2\mh2 new movement\Library\ScriptAssemblies\Unity.ProBuilder.KdTree.dll
Symbol file LoadedFromMemory is not a mono symbol file
Symbol file data-0000011616BE7020 doesn't match image C:\Users\sam.hamer\Downloads\MH2Files\motionhanging2\mh2 new movement\Library\ScriptAssemblies\Unity.CollabProxy.Editor.dll
Symbol file LoadedFromMemory is not a mono symbol file
Symbol file data-00000116173C8010 doesn't match image C:\Users\sam.hamer\Downloads\MH2Files\motionhanging2\mh2 new movement\Library\ScriptAssemblies\Unity.TextMeshPro.dll
Symbol file LoadedFromMemory is not a mono symbol file
Symbol file data-0000011616C3EA20 doesn't match image C:\Users\sam.hamer\Downloads\MH2Files\motionhanging2\mh2 new movement\Library\ScriptAssemblies\Unity.TextMeshPro.Editor.dll
Symbol file LoadedFromMemory is not a mono symbol file
Symbol file data-0000011615AF3030 doesn't match image C:\Users\sam.hamer\Downloads\MH2Files\motionhanging2\mh2 new movement\Library\ScriptAssemblies\Unity.AI.Navigation.Editor.dll
Symbol file LoadedFromMemory is not a mono symbol file
Symbol file data-00000116162FE9B0 doesn't match image C:\Users\sam.hamer\Downloads\MH2Files\motionhanging2\mh2 new movement\Library\ScriptAssemblies\Unity.ProBuilder.AssetIdRemapUtility.dll
Symbol file LoadedFromMemory is not a mono symbol file
Symbol file data-00000116162FE9B0 doesn't match image C:\Users\sam.hamer\Downloads\MH2Files\motionhanging2\mh2 new movement\Library\ScriptAssemblies\Unity.VisualScripting.State.dll
Symbol file LoadedFromMemory is not a mono symbol file
Symbol file data-0000011616BE0BD0 doesn't match image C:\Users\sam.hamer\Downloads\MH2Files\motionhanging2\mh2 new movement\Library\ScriptAssemblies\Unity.AI.Navigation.Editor.ConversionSystem.dll
Symbol file LoadedFromMemory is not a mono symbol file
Symbol file data-00000116162FE9B0 doesn't match image C:\Users\sam.hamer\Downloads\MH2Files\motionhanging2\mh2 new movement\Library\ScriptAssemblies\Unity.VSCode.Editor.dll
Symbol file LoadedFromMemory is not a mono symbol file
- Loaded All Assemblies, in  1.008 seconds
Native extension for WindowsStandalone target not found
Mono: successfully reloaded assembly
- Finished resetting the current domain, in  1.560 seconds
Domain Reload Profiling: 2575ms
	BeginReloadAssembly (317ms)
		ExecutionOrderSort (0ms)
		DisableScriptedObjects (13ms)
		BackupInstance (0ms)
		ReleaseScriptingObjects (0ms)
		CreateAndSetChildDomain (109ms)
	RebuildCommonClasses (37ms)
	RebuildNativeTypeToScriptingClass (13ms)
	initialDomainReloadingComplete (32ms)
	LoadAllAssembliesAndSetupDomain (615ms)
		LoadAssemblies (704ms)
		RebuildTransferFunctionScriptingTraits (0ms)
		AnalyzeDomain (28ms)
			TypeCache.Refresh (13ms)
				TypeCache.ScanAssembly (0ms)
			ScanForSourceGeneratedMonoScriptInfo (0ms)
			ResolveRequiredComponents (13ms)
	FinalizeReload (1560ms)
		ReleaseScriptCaches (0ms)
		RebuildScriptCaches (0ms)
		SetupLoadedEditorAssemblies (615ms)
			LogAssemblyErrors (0ms)
			InitializePlatformSupportModulesInManaged (17ms)
			SetLoadedEditorAssemblies (8ms)
			RefreshPlugins (0ms)
			BeforeProcessingInitializeOnLoad (89ms)
			ProcessInitializeOnLoadAttributes (416ms)
			ProcessInitializeOnLoadMethodAttributes (80ms)
			AfterProcessingInitializeOnLoad (4ms)
			EditorAssembliesLoaded (0ms)
		ExecutionOrderSort2 (0ms)
		AwakeInstancesAfterBackupRestoration (11ms)
Refreshing native plugins compatible for Editor in 2.33 ms, found 3 plugins.
Preloading 0 native plugins for Editor in 0.00 ms.
Unloading 5275 Unused Serialized files (Serialized files now loaded: 0)
Unloading 21 unused Assets / (361.7 KB). Loaded Objects now: 5959.
Memory consumption went from 197.5 MB to 197.2 MB.
Total: 4.520600 ms (FindLiveObjects: 0.845200 ms CreateObjectMapping: 0.236800 ms MarkObjects: 3.211100 ms  DeleteObjects: 0.226300 ms)

Prepare: number of updated asset objects reloaded= 0
AssetImportParameters requested are different than current active one (requested -> active):
  custom:container-demuxer-ogg: 62fdf1f143b41e24485cea50d1cbac27 -> 
  custom:video-codec-MediaFoundation-h265: 746d11721c4dcdbdad8f713fa42b33f4 -> 
  custom:video-decoder-ogg-theora: a1e56fd34408186e4bbccfd4996cb3dc -> 
  custom:framework-win-MediaFoundation: 216162199b28c13a410421893ffa2e32 -> 
  custom:CustomObjectIndexerAttribute: 72b91833f83ae208fae7752999fa3104 -> 
  custom:container-demuxer-webm: 4f35f7cbe854078d1ac9338744f61a02 -> 
  custom:container-muxer-webm: aa71ff27fc2769a1b78a27578f13a17b -> 
  custom:video-decoder-webm-vp8: 9c59270c3fd7afecdb556c50c9e8de78 -> 
  custom:SearchIndexIgnoredProperties: e643bd26f0fe6173181afceb89e7c659 -> 
  custom:AudioImporter_EditorPlatform: d09bf68614088b80899f8185d706f6e7 -> 
  custom:video-encoder-webm-vp8: eb34c28f22e8b96e1ab97ce403110664 -> 
  custom:audio-decoder-ogg-vorbis: bf7c407c2cedff20999df2af8eb42d56 -> 
  custom:audio-encoder-webm-vorbis: bf7c407c2cedff20999df2af8eb42d56 -> 
